[    0.000000] Booting Linux on physical CPU 0x0
[    0.000000] Initializing cgroup subsys cpuset
[    0.000000] Initializing cgroup subsys cpu
[    0.000000] Initializing cgroup subsys cpuacct
[    0.000000] Linux version 4.1.6-g52c4aa7 (gtbldadm@ubuntu-12) (gcc version 4.9.3 20150413 (prerelease) (Linaro GCC 4.9-2015.05) ) #1 PREEMPT Wed Oct 7 14:38:18 EDT 2015
[    0.000000] CPU: ARMv7 Processor [413fc082] revision 2 (ARMv7), cr=10c5387d
[    0.000000] CPU: PIPT / VIPT nonaliasing data cache, VIPT aliasing instruction cache
[    0.000000] Machine model: TI AM335x BeagleBone Black
[    0.000000] cma: Reserved 24 MiB at 0x9e800000
[    0.000000] Memory policy: Data cache writeback
[    0.000000] On node 0 totalpages: 131072
[    0.000000] free_area_init_node: node 0, pgdat c08bdaa0, node_mem_map de36d000
[    0.000000]   Normal zone: 1152 pages used for memmap
[    0.000000]   Normal zone: 0 pages reserved
[    0.000000]   Normal zone: 131072 pages, LIFO batch:31
[    0.000000] CPU: All CPU(s) started in SVC mode.
[    0.000000] AM335X ES2.1 (neon )
[    0.000000] pcpu-alloc: s0 r0 d32768 u32768 alloc=1*32768
[    0.000000] pcpu-alloc: [0] 0 
[    0.000000] Built 1 zonelists in Zone order, mobility grouping on.  Total pages: 129920
[    0.000000] Kernel command line: console=ttyO0,115200n8 root=PARTUUID=00000000-02 rw rootfstype=ext4 rootwait
[    0.000000] PID hash table entries: 2048 (order: 1, 8192 bytes)
[    0.000000] Dentry cache hash table entries: 65536 (order: 6, 262144 bytes)
[    0.000000] Inode-cache hash table entries: 32768 (order: 5, 131072 bytes)
[    0.000000] Memory: 485272K/524288K available (6247K kernel code, 254K rwdata, 2160K rodata, 260K init, 229K bss, 14440K reserved, 24576K cma-reserved, 0K highmem)
[    0.000000] Virtual kernel memory layout:
[    0.000000]     vector  : 0xffff0000 - 0xffff1000   (   4 kB)
[    0.000000]     fixmap  : 0xffc00000 - 0xfff00000   (3072 kB)
[    0.000000]     vmalloc : 0xe0800000 - 0xff000000   ( 488 MB)
[    0.000000]     lowmem  : 0xc0000000 - 0xe0000000   ( 512 MB)
[    0.000000]     pkmap   : 0xbfe00000 - 0xc0000000   (   2 MB)
[    0.000000]     modules : 0xbf000000 - 0xbfe00000   (  14 MB)
[    0.000000]       .text : 0xc0008000 - 0xc083e05c   (8409 kB)
[    0.000000]       .init : 0xc083f000 - 0xc0880000   ( 260 kB)
[    0.000000]       .data : 0xc0880000 - 0xc08bfb28   ( 255 kB)
[    0.000000]        .bss : 0xc08c2000 - 0xc08fb7f8   ( 230 kB)
[    0.000000] SLUB: HWalign=64, Order=0-3, MinObjects=0, CPUs=1, Nodes=1
[    0.000000] Preemptible hierarchical RCU implementation.
[    0.000000] 	Additional per-CPU info printed with stalls.
[    0.000000] NR_IRQS:16 nr_irqs:16 16
[    0.000000] IRQ: Found an INTC at 0xfa200000 (revision 5.0) with 128 interrupts
[    0.000000] OMAP clockevent source: timer2 at 24000000 Hz
[    0.000014] sched_clock: 32 bits at 24MHz, resolution 41ns, wraps every 89478484971ns
[    0.000031] clocksource timer1: mask: 0xffffffff max_cycles: 0xffffffff, max_idle_ns: 79635851949 ns
[    0.000041] OMAP clocksource: timer1 at 24000000 Hz
[    0.000203] Console: colour dummy device 80x30
[    0.000225] WARNING: Your 'console=ttyO0' has been replaced by 'ttyS0'
[    0.000231] This ensures that you still see kernel messages. Please
[    0.000235] update your kernel commandline.
[    0.000252] Calibrating delay loop... 996.14 BogoMIPS (lpj=4980736)
[    0.089304] pid_max: default: 32768 minimum: 301
[    0.089394] Security Framework initialized
[    0.089441] Mount-cache hash table entries: 1024 (order: 0, 4096 bytes)
[    0.089451] Mountpoint-cache hash table entries: 1024 (order: 0, 4096 bytes)
[    0.090063] Initializing cgroup subsys blkio
[    0.090085] Initializing cgroup subsys memory
[    0.090122] Initializing cgroup subsys devices
[    0.090136] Initializing cgroup subsys freezer
[    0.090148] Initializing cgroup subsys perf_event
[    0.090171] CPU: Testing write buffer coherency: ok
[    0.090529] Setting up static identity map for 0x80008200 - 0x80008270
[    0.091892] devtmpfs: initialized
[    0.100055] VFP support v0.3: implementor 41 architecture 3 part 30 variant c rev 3
[    0.107564] omap_hwmod: tptc0 using broken dt data from edma
[    0.107660] omap_hwmod: tptc1 using broken dt data from edma
[    0.107743] omap_hwmod: tptc2 using broken dt data from edma
[    0.112033] omap_hwmod: debugss: _wait_target_disable failed
[    0.166329] clocksource jiffies: mask: 0xffffffff max_cycles: 0xffffffff, max_idle_ns: 19112604462750000 ns
[    0.168293] pinctrl core: initialized pinctrl subsystem
[    0.169527] NET: Registered protocol family 16
[    0.171406] DMA: preallocated 256 KiB pool for atomic coherent allocations
[    0.199295] cpuidle: using governor ladder
[    0.229285] cpuidle: using governor menu
[    0.232129] gpiochip_add: registered GPIOs 0 to 31 on device: gpio
[    0.232265] OMAP GPIO hardware version 0.1
[    0.232820] GPIO line 60 (LS_BUF_EN) hogged as output/high
[    0.232928] gpiochip_add: registered GPIOs 32 to 63 on device: gpio
[    0.233425] gpiochip_add: registered GPIOs 64 to 95 on device: gpio
[    0.233910] gpiochip_add: registered GPIOs 96 to 127 on device: gpio
[    0.240412] No ATAGs?
[    0.240443] hw-breakpoint: debug architecture 0x4 unsupported.
[    0.276193] edma-dma-engine edma-dma-engine.0: TI EDMA DMA engine driver
[    0.276619] of_get_named_gpiod_flags: can't parse 'gpio' property of node '/fixedregulator@0[0]'
[    0.276934] of_get_named_gpiod_flags: parsed 'gpio' property of node '/fixedregulator@2[0]' - status (0)
[    0.279261] vgaarb: loaded
[    0.279807] SCSI subsystem initialized
[    0.280254] omap_i2c 44e0b000.i2c: could not find pctldev for node /ocp/l4_wkup@44c00000/scm@210000/pinmux@800/pinmux_i2c0_pins, deferring probe
[    0.280297] omap_i2c 4802a000.i2c: could not find pctldev for node /ocp/l4_wkup@44c00000/scm@210000/pinmux@800/pinmux_i2c1_pins, deferring probe
[    0.280410] pps_core: LinuxPPS API ver. 1 registered
[    0.280417] pps_core: Software ver. 5.3.6 - Copyright 2005-2007 Rodolfo Giometti <giometti@linux.it>
[    0.280444] PTP clock support registered
[    0.281143] omap-mailbox 480c8000.mailbox: omap mailbox rev 0x400
[    0.281316] Advanced Linux Sound Architecture Driver Initialized.
[    0.282023] Switched to clocksource timer1
[    0.290799] NET: Registered protocol family 2
[    0.291528] TCP established hash table entries: 4096 (order: 2, 16384 bytes)
[    0.291571] TCP bind hash table entries: 4096 (order: 2, 16384 bytes)
[    0.291609] TCP: Hash tables configured (established 4096 bind 4096)
[    0.291686] UDP hash table entries: 256 (order: 0, 4096 bytes)
[    0.291703] UDP-Lite hash table entries: 256 (order: 0, 4096 bytes)
[    0.291862] NET: Registered protocol family 1
[    0.292280] RPC: Registered named UNIX socket transport module.
[    0.292294] RPC: Registered udp transport module.
[    0.292299] RPC: Registered tcp transport module.
[    0.292305] RPC: Registered tcp NFSv4.1 backchannel transport module.
[    0.292328] PCI: CLS 0 bytes, default 64
[    0.293075] CPU PMU: Failed to parse /pmu/interrupt-affinity[0]
[    0.293116] hw perfevents: enabled with armv7_cortex_a8 PMU driver, 5 counters available
[    0.294767] futex hash table entries: 256 (order: -1, 3072 bytes)
[    0.294846] audit: initializing netlink subsys (disabled)
[    0.294911] audit: type=2000 audit(0.280:1): initialized
[    0.301147] VFS: Disk quotas dquot_6.6.0
[    0.301331] VFS: Dquot-cache hash table entries: 1024 (order 0, 4096 bytes)
[    0.303336] NFS: Registering the id_resolver key type
[    0.303409] Key type id_resolver registered
[    0.303417] Key type id_legacy registered
[    0.303481] jffs2: version 2.2. (NAND) (SUMMARY)  © 2001-2006 Red Hat, Inc.
[    0.305662] NET: Registered protocol family 38
[    0.305731] io scheduler noop registered
[    0.305744] io scheduler deadline registered
[    0.305796] io scheduler cfq registered (default)
[    0.306738] pinctrl-single 44e10800.pinmux: 142 pins at pa f9e10800 size 568
[    0.308411] wkup_m3_ipc 44e11324.wkup_m3_ipc: could not get rproc handle
[    0.309351] Serial: 8250/16550 driver, 10 ports, IRQ sharing enabled
[    0.311906] omap8250 44e09000.serial: GPIO lookup for consumer enable
[    0.311923] omap8250 44e09000.serial: using device tree for GPIO lookup
[    0.311937] of_get_named_gpiod_flags: can't parse 'enable-gpios' property of node '/ocp/serial@44e09000[0]'
[    0.311946] of_get_named_gpiod_flags: can't parse 'enable-gpio' property of node '/ocp/serial@44e09000[0]'
[    0.311955] omap8250 44e09000.serial: using lookup tables for GPIO lookup
[    0.311964] omap8250 44e09000.serial: lookup for GPIO enable failed
[    0.312502] 44e09000.serial: ttyS0 at MMIO 0x44e09000 (irq = 155, base_baud = 3000000) is a 8250
[    0.966646] console [ttyS0] enabled
[    0.970607] omap8250 48022000.serial: GPIO lookup for consumer enable
[    0.970619] omap8250 48022000.serial: using device tree for GPIO lookup
[    0.970631] of_get_named_gpiod_flags: can't parse 'enable-gpios' property of node '/ocp/serial@48022000[0]'
[    0.970640] of_get_named_gpiod_flags: can't parse 'enable-gpio' property of node '/ocp/serial@48022000[0]'
[    0.970649] omap8250 48022000.serial: using lookup tables for GPIO lookup
[    0.970658] omap8250 48022000.serial: lookup for GPIO enable failed
[    0.970975] 48022000.serial: ttyS1 at MMIO 0x48022000 (irq = 156, base_baud = 3000000) is a 8250
[    0.980240] omap8250 48024000.serial: GPIO lookup for consumer enable
[    0.980252] omap8250 48024000.serial: using device tree for GPIO lookup
[    0.980262] of_get_named_gpiod_flags: can't parse 'enable-gpios' property of node '/ocp/serial@48024000[0]'
[    0.980271] of_get_named_gpiod_flags: can't parse 'enable-gpio' property of node '/ocp/serial@48024000[0]'
[    0.980278] omap8250 48024000.serial: using lookup tables for GPIO lookup
[    0.980287] omap8250 48024000.serial: lookup for GPIO enable failed
[    0.980573] 48024000.serial: ttyS2 at MMIO 0x48024000 (irq = 157, base_baud = 3000000) is a 8250
[    0.989813] omap8250 481a8000.serial: GPIO lookup for consumer enable
[    0.989825] omap8250 481a8000.serial: using device tree for GPIO lookup
[    0.989835] of_get_named_gpiod_flags: can't parse 'enable-gpios' property of node '/ocp/serial@481a8000[0]'
[    0.989845] of_get_named_gpiod_flags: can't parse 'enable-gpio' property of node '/ocp/serial@481a8000[0]'
[    0.989853] omap8250 481a8000.serial: using lookup tables for GPIO lookup
[    0.989861] omap8250 481a8000.serial: lookup for GPIO enable failed
[    0.990136] 481a8000.serial: ttyS4 at MMIO 0x481a8000 (irq = 158, base_baud = 3000000) is a 8250
[    0.999357] omap8250 481aa000.serial: GPIO lookup for consumer enable
[    0.999368] omap8250 481aa000.serial: using device tree for GPIO lookup
[    0.999380] of_get_named_gpiod_flags: can't parse 'enable-gpios' property of node '/ocp/serial@481aa000[0]'
[    0.999389] of_get_named_gpiod_flags: can't parse 'enable-gpio' property of node '/ocp/serial@481aa000[0]'
[    0.999396] omap8250 481aa000.serial: using lookup tables for GPIO lookup
[    0.999405] omap8250 481aa000.serial: lookup for GPIO enable failed
[    0.999670] 481aa000.serial: ttyS5 at MMIO 0x481aa000 (irq = 159, base_baud = 3000000) is a 8250
[    1.009365] [drm] Initialized drm 1.1.0 20060810
[    1.015142] tilcdc 4830e000.lcdc: no encoders/connectors found
[    1.021038] tilcdc 4830e000.lcdc: failed to initialize mode setting
[    1.036679] brd: module loaded
[    1.044204] loop: module loaded
[    1.048147] mtdoops: mtd device (mtddev=name/number) must be supplied
[    1.056510] mousedev: PS/2 mouse device common for all mice
[    1.062198] i2c /dev entries driver
[    1.066475] omap_hsmmc 48060000.mmc: GPIO lookup for consumer cd
[    1.066489] omap_hsmmc 48060000.mmc: using device tree for GPIO lookup
[    1.066517] of_get_named_gpiod_flags: parsed 'cd-gpios' property of node '/ocp/mmc@48060000[0]' - status (0)
[    1.066594] omap_hsmmc 48060000.mmc: Got CD GPIO
[    1.071236] omap_hsmmc 48060000.mmc: GPIO lookup for consumer wp
[    1.071243] omap_hsmmc 48060000.mmc: using device tree for GPIO lookup
[    1.071252] of_get_named_gpiod_flags: can't parse 'wp-gpios' property of node '/ocp/mmc@48060000[0]'
[    1.071261] of_get_named_gpiod_flags: can't parse 'wp-gpio' property of node '/ocp/mmc@48060000[0]'
[    1.071269] omap_hsmmc 48060000.mmc: using lookup tables for GPIO lookup
[    1.071277] omap_hsmmc 48060000.mmc: lookup for GPIO wp failed
[    1.112606] omap_hsmmc 481d8000.mmc: GPIO lookup for consumer cd
[    1.112626] omap_hsmmc 481d8000.mmc: using device tree for GPIO lookup
[    1.112638] of_get_named_gpiod_flags: can't parse 'cd-gpios' property of node '/ocp/mmc@481d8000[0]'
[    1.112648] of_get_named_gpiod_flags: can't parse 'cd-gpio' property of node '/ocp/mmc@481d8000[0]'
[    1.112657] omap_hsmmc 481d8000.mmc: using lookup tables for GPIO lookup
[    1.112666] omap_hsmmc 481d8000.mmc: lookup for GPIO cd failed
[    1.112676] omap_hsmmc 481d8000.mmc: GPIO lookup for consumer wp
[    1.112683] omap_hsmmc 481d8000.mmc: using device tree for GPIO lookup
[    1.112691] of_get_named_gpiod_flags: can't parse 'wp-gpios' property of node '/ocp/mmc@481d8000[0]'
[    1.112699] of_get_named_gpiod_flags: can't parse 'wp-gpio' property of node '/ocp/mmc@481d8000[0]'
[    1.112707] omap_hsmmc 481d8000.mmc: using lookup tables for GPIO lookup
[    1.112714] omap_hsmmc 481d8000.mmc: lookup for GPIO wp failed
[    1.152289] omap_hsmmc 47810000.mmc: GPIO lookup for consumer cd
[    1.152306] omap_hsmmc 47810000.mmc: using device tree for GPIO lookup
[    1.152318] of_get_named_gpiod_flags: can't parse 'cd-gpios' property of node '/ocp/mmc@47810000[0]'
[    1.152326] of_get_named_gpiod_flags: can't parse 'cd-gpio' property of node '/ocp/mmc@47810000[0]'
[    1.152334] omap_hsmmc 47810000.mmc: using lookup tables for GPIO lookup
[    1.152342] omap_hsmmc 47810000.mmc: lookup for GPIO cd failed
[    1.152352] omap_hsmmc 47810000.mmc: GPIO lookup for consumer wp
[    1.152359] omap_hsmmc 47810000.mmc: using device tree for GPIO lookup
[    1.152367] of_get_named_gpiod_flags: can't parse 'wp-gpios' property of node '/ocp/mmc@47810000[0]'
[    1.152375] of_get_named_gpiod_flags: can't parse 'wp-gpio' property of node '/ocp/mmc@47810000[0]'
[    1.152383] omap_hsmmc 47810000.mmc: using lookup tables for GPIO lookup
[    1.152390] omap_hsmmc 47810000.mmc: lookup for GPIO wp failed
[    1.192468] mmc0: host does not support reading read-only switch, assuming write-enable
[    1.204921] mmc0: new high speed SDHC card at address e624
[    1.210853] mmcblk0: mmc0:e624 SS08G 7.40 GiB 
[    1.218217]  mmcblk0: p1
[    1.265919] mmc1: MAN_BKOPS_EN bit is not set
[    1.272327] ledtrig-cpu: registered to indicate activity on CPUs
[    1.278872] omap-aes 53500000.aes: OMAP AES hw accel rev: 3.2
[    1.284728] mmc1: new high speed MMC card at address 0001
[    1.290991] mmcblk1: mmc1:0001 Q2J54A 3.64 GiB 
[    1.296467] omap-sham 53100000.sham: hw accel on OMAP rev 4.3
[    1.302589] mmcblk1boot0: mmc1:0001 Q2J54A partition 1 2.00 MiB
[    1.308899] mmcblk1boot1: mmc1:0001 Q2J54A partition 2 2.00 MiB
[    1.316904]  remoteproc0: wkup_m3 is available
[    1.321380]  remoteproc0: Note: remoteproc is still under development and considered experimental.
[    1.330595]  mmcblk1: p1 p2
[    1.335223]  remoteproc0: THE BINARY FORMAT IS NOT YET FINALIZED, and backward compatibility isn't yet guaranteed.
[    1.345939]  remoteproc0: Direct firmware load for am335x-pm-firmware.elf failed with error -2
[    1.359421] oprofile: using arm/armv7
[    1.363256] omap_hsmmc 47810000.mmc: card claims to support voltages below defined range
[    1.371733] Initializing XFRM netlink socket
[    1.376086]  remoteproc0: Falling back to user helper
[    1.381358] NET: Registered protocol family 17
[    1.385936] NET: Registered protocol family 15
[    1.390528] Key type dns_resolver registered
[    1.395216] omap_voltage_late_init: Voltage driver support not added
[    1.402208] ThumbEE CPU extension supported.
[    1.406550] Registering SWP/SWPB emulation handler
[    1.419798] mmc2: queuing unknown CIS tuple 0x91 (3 bytes)
[    1.426012] mmc2: new high speed SDIO card at address 0001
[    1.439691] tps65217 0-0024: TPS65217 ID 0xe version 1.2
[    1.445135] omap_i2c 44e0b000.i2c: bus 0 rev0.11 at 400 kHz
[    1.451707] omap_i2c 4802a000.i2c: bus 1 rev0.11 at 400 kHz
[    1.522085] davinci_mdio 4a101000.mdio: davinci mdio revision 1.6
[    1.528223] davinci_mdio 4a101000.mdio: detected phy mask fffffffe
[    1.535275] libphy: 4a101000.mdio: probed
[    1.539314] davinci_mdio 4a101000.mdio: phy[0]: device 4a101000.mdio:00, driver SMSC LAN8710/LAN8720
[    1.549221] cpsw 4a100000.ethernet: Detected MACID = f4:e1:1e:4e:fa:ae
[    1.556784] hctosys: unable to open rtc device (rtc0)
[    1.565029] wlan-en-regulator: disabling
[    1.569077] ALSA device list:
[    1.572189]   No soundcards found.
[    1.703961] EXT4-fs (mmcblk1p2): recovery complete
[    1.709720] EXT4-fs (mmcblk1p2): mounted filesystem with ordered data mode. Opts: (null)
[    1.717957] VFS: Mounted root (ext4 filesystem) on device 179:10.
[    1.726219] devtmpfs: mounted
[    1.729721] Freeing unused kernel memory: 260K (c083f000 - c0880000)
[    2.241013] udevd[99]: starting version 182
[    2.423050] of_get_named_gpiod_flags: parsed 'gpios' property of node '/leds/led@2[0]' - status (0)
[    2.423261] of_get_named_gpiod_flags: parsed 'gpios' property of node '/leds/led@3[0]' - status (0)
[    2.423413] of_get_named_gpiod_flags: parsed 'gpios' property of node '/leds/led@4[0]' - status (0)
[    2.423542] of_get_named_gpiod_flags: parsed 'gpios' property of node '/leds/led@5[0]' - status (0)
[    2.462726] cpu cpu0: of_pm_voltdm_notifier_register: Fail calculating voltage latency[950000<->1260000]:-22
[    2.499516] omap_wdt: OMAP Watchdog Timer Rev 0x01: initial timeout 60 sec
[    2.582354] cpu cpu0: of_pm_voltdm_notifier_register: Fail calculating voltage latency[950000<->1260000]:-22
[    2.619751] omap_rtc 44e3e000.rtc: rtc core: registered 44e3e000.rtc as rtc0
[    2.699483] am335x-phy-driver 47401300.usb-phy: GPIO lookup for consumer reset
[    2.699508] am335x-phy-driver 47401300.usb-phy: using device tree for GPIO lookup
[    2.699522] of_get_named_gpiod_flags: can't parse 'reset-gpios' property of node '/ocp/usb@47400000/usb-phy@47401300[0]'
[    2.699531] of_get_named_gpiod_flags: can't parse 'reset-gpio' property of node '/ocp/usb@47400000/usb-phy@47401300[0]'
[    2.699540] am335x-phy-driver 47401300.usb-phy: using lookup tables for GPIO lookup
[    2.699549] am335x-phy-driver 47401300.usb-phy: lookup for GPIO reset failed
[    2.699559] am335x-phy-driver 47401300.usb-phy: GPIO lookup for consumer vbus-detect
[    2.699566] am335x-phy-driver 47401300.usb-phy: using device tree for GPIO lookup
[    2.699575] of_get_named_gpiod_flags: can't parse 'vbus-detect-gpios' property of node '/ocp/usb@47400000/usb-phy@47401300[0]'
[    2.699583] of_get_named_gpiod_flags: can't parse 'vbus-detect-gpio' property of node '/ocp/usb@47400000/usb-phy@47401300[0]'
[    2.699591] am335x-phy-driver 47401300.usb-phy: using lookup tables for GPIO lookup
[    2.699599] am335x-phy-driver 47401300.usb-phy: lookup for GPIO vbus-detect failed
[    2.699656] 47401300.usb-phy supply vcc not found, using dummy regulator
[    2.782347] cpufreq: __cpufreq_add_dev: CPU0: Running at unlisted freq: 1000000 KHz
[    2.863989] am335x-phy-driver 47401b00.usb-phy: GPIO lookup for consumer reset
[    2.864016] am335x-phy-driver 47401b00.usb-phy: using device tree for GPIO lookup
[    2.864033] of_get_named_gpiod_flags: can't parse 'reset-gpios' property of node '/ocp/usb@47400000/usb-phy@47401b00[0]'
[    2.864045] of_get_named_gpiod_flags: can't parse 'reset-gpio' property of node '/ocp/usb@47400000/usb-phy@47401b00[0]'
[    2.864056] am335x-phy-driver 47401b00.usb-phy: using lookup tables for GPIO lookup
[    2.864067] am335x-phy-driver 47401b00.usb-phy: lookup for GPIO reset failed
[    2.864080] am335x-phy-driver 47401b00.usb-phy: GPIO lookup for consumer vbus-detect
[    2.864089] am335x-phy-driver 47401b00.usb-phy: using device tree for GPIO lookup
[    2.864099] of_get_named_gpiod_flags: can't parse 'vbus-detect-gpios' property of node '/ocp/usb@47400000/usb-phy@47401b00[0]'
[    2.864110] of_get_named_gpiod_flags: can't parse 'vbus-detect-gpio' property of node '/ocp/usb@47400000/usb-phy@47401b00[0]'
[    2.864120] am335x-phy-driver 47401b00.usb-phy: using lookup tables for GPIO lookup
[    2.864129] am335x-phy-driver 47401b00.usb-phy: lookup for GPIO vbus-detect failed
[    2.864192] 47401b00.usb-phy supply vcc not found, using dummy regulator
[    2.906459] cpufreq: __cpufreq_add_dev: CPU0: Unlisted initial frequency changed to: 800000 KHz
[    3.036645] omap_rng 48310000.rng: OMAP Random Number Generator ver. 20
[    3.607553] PM: bootloader does not support rtc-only!
[    3.781984]  remoteproc0: powering up wkup_m3
[    3.835781]  remoteproc0: Booting fw image am335x-pm-firmware.elf, size 219803
[    3.922792]  remoteproc0: remote processor wkup_m3 is now up
[    3.922820] wkup_m3_ipc 44e11324.wkup_m3_ipc: CM3 Firmware Version = 0x191
[    5.819101] usbcore: registered new interface driver usbfs
[    5.968285] usbcore: registered new interface driver hub
[    6.009511] FAT-fs (mmcblk0p1): Volume was not properly unmounted. Some data may be corrupt. Please run fsck.
[    6.028894] usbcore: registered new device driver usb
[    6.109940] musb-hdrc: ConfigData=0xde (UTMI-8, dyn FIFOs, bulk combine, bulk split, HB-ISO Rx, HB-ISO Tx, SoftConn)
[    6.109967] musb-hdrc: MHDRC RTL version 2.0 
[    6.109975] musb-hdrc: setup fifo_mode 4
[    6.109996] musb-hdrc: 28/31 max ep, 16384/16384 memory
[    6.169834] cfg80211: Calling CRDA to update world regulatory domain
[    6.213704] musb-hdrc: ConfigData=0xde (UTMI-8, dyn FIFOs, bulk combine, bulk split, HB-ISO Rx, HB-ISO Tx, SoftConn)
[    6.213731] musb-hdrc: MHDRC RTL version 2.0 
[    6.213741] musb-hdrc: setup fifo_mode 4
[    6.213764] musb-hdrc: 28/31 max ep, 16384/16384 memory
[    6.213924] musb-hdrc musb-hdrc.2.auto: MUSB HDRC host driver
[    6.219738] musb-hdrc musb-hdrc.2.auto: new USB bus registered, assigned bus number 1
[    6.330602] usb usb1: New USB device found, idVendor=1d6b, idProduct=0002
[    6.383879] usb usb1: New USB device strings: Mfr=3, Product=2, SerialNumber=1
[    6.434700] wl18xx_driver wl18xx.0.auto: Direct firmware load for ti-connectivity/wl1271-nvs.bin failed with error -2
[    6.462227] usb usb1: Product: MUSB HDRC host driver
[    6.467241] usb usb1: Manufacturer: Linux 4.1.6-g52c4aa7 musb-hcd
[    6.486256] cfg80211: World regulatory domain updated:
[    6.491451] cfg80211:  DFS Master region: unset
[    6.508143] wl18xx_driver wl18xx.0.auto: Falling back to user helper
[    6.529972] usb usb1: SerialNumber: musb-hdrc.2.auto
[    6.552326] cfg80211:   (start_freq - end_freq @ bandwidth), (max_antenna_gain, max_eirp), (dfs_cac_time)
[    6.561974] cfg80211:   (2402000 KHz - 2472000 KHz @ 40000 KHz), (N/A, 2000 mBm), (N/A)
[    6.582960] hub 1-0:1.0: USB hub found
[    6.588761] FAT-fs (mmcblk1p1): Volume was not properly unmounted. Some data may be corrupt. Please run fsck.
[    6.601153] hub 1-0:1.0: 1 port detected
[    6.652214] cfg80211:   (2457000 KHz - 2482000 KHz @ 40000 KHz), (N/A, 2000 mBm), (N/A)
[    6.660280] cfg80211:   (2474000 KHz - 2494000 KHz @ 20000 KHz), (N/A, 2000 mBm), (N/A)
[    6.762751] cfg80211:   (5170000 KHz - 5250000 KHz @ 80000 KHz, 160000 KHz AUTO), (N/A, 2000 mBm), (N/A)
[    6.772398] musb-hdrc musb-hdrc.2.auto: VBUS_ERROR in a_wait_vrise (81, <SessEnd), retry #1, port1 00000104
[    6.772577] cfg80211:   (5250000 KHz - 5330000 KHz @ 80000 KHz, 160000 KHz AUTO), (N/A, 2000 mBm), (0 s)
[    6.782399] cfg80211:   (5490000 KHz - 5730000 KHz @ 160000 KHz), (N/A, 2000 mBm), (0 s)
[    6.790553] cfg80211:   (5735000 KHz - 5835000 KHz @ 80000 KHz), (N/A, 2000 mBm), (N/A)
[    6.807393] cfg80211:   (57240000 KHz - 63720000 KHz @ 2160000 KHz), (N/A, 0 mBm), (N/A)
[    6.922747] musb-hdrc musb-hdrc.2.auto: VBUS_ERROR in a_wait_vrise (81, <SessEnd), retry #2, port1 00000104
[    6.943069] wlcore: wl18xx HW: 183x or 180x, PG 2.2 (ROM 0x11)
[    7.014005] wlcore: loaded
[    7.075179] musb-hdrc musb-hdrc.2.auto: VBUS_ERROR in a_wait_vrise (81, <SessEnd), retry #3, port1 00000104
[    7.094242] cryptodev: driver 1.6 loaded.
[    7.143433] EXT4-fs (mmcblk1p2): re-mounted. Opts: data=ordered
[    7.227607] musb-hdrc musb-hdrc.2.auto: VBUS_ERROR in a_wait_vrise (80, <SessEnd), retry #3, port1 0008010c
[    7.283469] random: dd urandom read with 77 bits of entropy available
[    8.593482] NET: Registered protocol family 10
[    9.543239] random: nonblocking pool is initialized
[   10.458267] i2c i2c-1: new_device: Instantiated device ds1307 at 0x68
[   10.483502] rtc-ds1307 1-0068: rtc core: registered ds1307 as rtc1
[   10.489760] rtc-ds1307 1-0068: 56 bytes nvram
[2022-03-08 08:39:00.003][............................................................................]
UPDATE [03:03:29] 
TID: LTM2020KRL001
[TERMINAL]  ..... COMPANY [NGT-LTM-KRL]
SYSTEM START ............... ver [1.0.2] Build [220215]
[2022-03-08 08:39:01.161]< C00439564AD0
[2022-03-08 08:39:01.227]< C004305246D0
[2022-03-08 08:39:01.257]> C0093056302E302E313CD0
RN4870 V1.41 11/06/2020 (c)Microchip Technology Inc
-------------------------------------
[MAC] ETH  F4:E1:1E:4E:FA:AE
[MAC] WLAN 2C:AB:33:D2:89:67
[MAC] BLE  04:91:62:A8:30:24
-------------------------------------
eth0      Link encap:Ethernet  HWaddr F4:E1:1E:4E:FA:AE  
          BROADCAST MULTICAST  MTU:1500  Metric:1
          RX packets:0 errors:0 dropped:0 overruns:0 frame:0
          TX packets:0 errors:0 dropped:0 overruns:0 carrier:0
          collisions:0 txqueuelen:1000 
          RX bytes:0 (0.0 B)  TX bytes:0 (0.0 B)
          Interrupt:175 

udhcpc (v1.23.1) started
Sending discover...
Sending discover...
Sending discover...
No lease, failing
udhcpc (v1.23.1) started
Sending discover...
Sending discover...
Sending discover...
No lease, failing
eth0      Link encap:Ethernet  HWaddr F4:E1:1E:4E:FA:AE  
          UP BROADCAST MULTICAST  MTU:1500  Metric:1
          RX packets:0 errors:0 dropped:0 overruns:0 frame:0
          TX packets:0 errors:0 dropped:0 overruns:0 carrier:0
          collisions:0 txqueuelen:1000 
          RX bytes:0 (0.0 B)  TX bytes:0 (0.0 B)
          Interrupt:175 

Server:    127.0.0.1
Address 1: 127.0.0.1 localhost.localdomain

Name:      localhost
Address 1: 127.0.0.1 localhost.localdomain
0.0.0.0/255.255.255.0/0.0.0.0/127.0.0.1
[TSYNC] Failed to 'Link up'
[2022-03-08 08:39:39.203][............................................................................]
[2022-03-08 08:40:00.970]> C004305246D0
[2022-03-08 08:40:09.074]>>> C00141D0
>>> STATUS
<<< STATUS, RES: 0x00, MAC: F4:E1:1E:4E:FA:AE, VER: 1.0.2
[2022-03-08 08:40:09.088]<<< C00B4100F4E11E4EFAAE010002D0
[2022-03-08 08:40:12.404]>>> C00146D0
>>> IP
<<< IP: LAN, RES: 0x99
[2022-03-08 08:40:12.450]<<< C0174699FFFFFF00EDCFB3ED7901002C05F6B63C3C3C205354D0
[2022-03-08 08:40:47.374]>>> C02A465749544F46524F4D5F3547000000000000000000003635373036353731000000000000000000000000D0
>>> IP SET: WIFI, SSID: ITOFROM_5G, PW: 65706571
[   23.755921] net eth0: initializing cpsw version 1.12 (0)
[   23.765732] net eth0: phy found : id is : 0x7c0f1
[   23.770698] libphy: PHY 4a101000.mdio:01 not found
[   23.776457] net eth0: phy 4a101000.mdio:01 not found on slave 1
[   23.798738] IPv6: ADDRCONF(NETDEV_UP): eth0: link is not ready
wlan0     Link encap:Ethernet  HWaddr 2C:AB:33:D2:89:67  
          BROADCAST MULTICAST  MTU:1500  Metric:1
          RX packets:0 errors:0 dropped:0 overruns:0 frame:0
          TX packets:0 errors:0 dropped:0 overruns:0 carrier:0
          collisions:0 txqueuelen:1000 
          RX bytes:0 (0.0 B)  TX bytes:0 (0.0 B)

udhcpc (v1.23.1) started
Sending discover...
[2022-03-08 08:41:00.967]> C004305246D0
Sending discover...
Sending discover...
No lease, failing
udhcpc (v1.23.1) started
Sending discover...
Sending discover...
Sending discover...
No lease, failing
wlan0     Link encap:Ethernet  HWaddr 2C:AB:33:D2:89:67  
          UP BROADCAST MULTICAST  MTU:1500  Metric:1
          RX packets:0 errors:0 dropped:0 overruns:0 frame:0
          TX packets:0 errors:0 dropped:0 overruns:0 carrier:0
          collisions:0 txqueuelen:1000 
          RX bytes:0 (0.0 B)  TX bytes:0 (0.0 B)

Server:    127.0.0.1
Address 1: 127.0.0.1 localhost.localdomain

Name:      localhost
Address 1: 127.0.0.1 localhost.localdomain
0.0.0.0/0.0.0.0/255.255.255.0/127.0.0.1
<<< IP SET: WIFI, RES: 0x99, CONN: F
[2022-03-08 08:41:26.765]<<< C0184699574649544F46524F4D5F354700000000000000000000D0
[2022-03-08 08:42:00.964]> C004305246D0
[2022-03-08 08:42:22.479]>>> C02A465749544F46524F4D5F3547000000000000000000003635373036353731000000000000000000000000D0
>>> IP SET: WIFI, SSID: ITOFROM_5G, PW: 65706571
[  127.756471] wlcore: PHY firmware version: Rev 8.2.0.0.232
[  127.865874] wlcore: firmware booted (Rev 8.9.0.0.48)
[  127.889431] IPv6: ADDRCONF(NETDEV_UP): wlan0: link is not ready
[  127.963775] cfg80211: Calling CRDA for country: US
[  128.152983] cfg80211: Regulatory domain changed to country: US
[  128.162498] cfg80211:  DFS Master region: FCC
[  128.171011] cfg80211:   (start_freq - end_freq @ bandwidth), (max_antenna_gain, max_eirp), (dfs_cac_time)
[  128.191533] cfg80211:   (2402000 KHz - 2472000 KHz @ 40000 KHz), (N/A, 3000 mBm), (N/A)
[  128.208160] cfg80211:   (5170000 KHz - 5250000 KHz @ 80000 KHz, 160000 KHz AUTO), (N/A, 1700 mBm), (N/A)
[  128.227313] cfg80211:   (5250000 KHz - 5330000 KHz @ 80000 KHz, 160000 KHz AUTO), (N/A, 2300 mBm), (0 s)
[  128.246455] cfg80211:   (5735000 KHz - 5835000 KHz @ 80000 KHz), (N/A, 3000 mBm), (N/A)
[  128.263050] cfg80211:   (57240000 KHz - 63720000 KHz @ 2160000 KHz), (N/A, 4000 mBm), (N/A)
wlan0     Link encap:Ethernet  HWaddr 2C:AB:33:D2:89:67  
          BROADCAST MULTICAST  MTU:1500  Metric:1
          RX packets:0 errors:0 dropped:0 overruns:0 frame:0
          TX packets:0 errors:0 dropped:0 overruns:0 carrier:0
          collisions:0 txqueuelen:1000 
          RX bytes:0 (0.0 B)  TX bytes:0 (0.0 B)

udhcpc (v1.23.1) started
Sending discover...
Sending discover...
Sending discover...
No lease, failing
udhcpc (v1.23.1) started
Sending discover...
Sending discover...
Sending discover...
No lease, failing
wlan0     Link encap:Ethernet  HWaddr 2C:AB:33:D2:89:67  
          UP BROADCAST MULTICAST  MTU:1500  Metric:1
          RX packets:0 errors:0 dropped:0 overruns:0 frame:0
          TX packets:0 errors:0 dropped:0 overruns:0 carrier:0
          collisions:0 txqueuelen:1000 
          RX bytes:0 (0.0 B)  TX bytes:0 (0.0 B)

[2022-03-08 08:43:00.961]> C004305246D0
Server:    127.0.0.1
Address 1: 127.0.0.1 localhost.localdomain

Name:      localhost
Address 1: 127.0.0.1 localhost.localdomain
0.0.0.0/0.0.0.0/255.255.255.0/127.0.0.1
<<< IP SET: WIFI, RES: 0x99, CONN: F
[2022-03-08 08:43:01.874]<<< C0184699574649544F46524F4D5F354700000000000000000000D0
[2022-03-08 08:43:22.993]>>> C02A465749544F46524F4D5F3547000000000000000000003635373036353731000000000000000000000000D0
>>> IP SET: WIFI, SSID: ITOFROM_5G, PW: 65706571
[  215.672609] wlcore: down
[  215.789053] wlcore: down
[  222.784568] wlcore: PHY firmware version: Rev 8.2.0.0.232
[  222.985954] wlcore: firmware booted (Rev 8.9.0.0.48)
[  223.009040] IPv6: ADDRCONF(NETDEV_UP): wlan0: link is not ready
wlan0     Link encap:Ethernet  HWaddr 2C:AB:33:D2:89:67  
          BROADCAST MULTICAST  MTU:1500  Metric:1
          RX packets:0 errors:0 dropped:0 overruns:0 frame:0
          TX packets:0 errors:0 dropped:0 overruns:0 carrier:0
          collisions:0 txqueuelen:1000 
          RX bytes:0 (0.0 B)  TX bytes:0 (0.0 B)

udhcpc (v1.23.1) started
Sending discover...
Sending discover...
Sending discover...
No lease, failing
udhcpc (v1.23.1) started
Sending discover...
Sending discover...
Sending discover...
No lease, failing
wlan0     Link encap:Ethernet  HWaddr 2C:AB:33:D2:89:67  
          UP BROADCAST MULTICAST  MTU:1500  Metric:1
          RX packets:0 errors:0 dropped:0 overruns:0 frame:0
          TX packets:0 errors:0 dropped:0 overruns:0 carrier:0
          collisions:0 txqueuelen:1000 
          RX bytes:0 (0.0 B)  TX bytes:0 (0.0 B)

[2022-03-08 08:44:00.957]> C004305246D0
Server:    127.0.0.1
Address 1: 127.0.0.1 localhost.localdomain

Name:      localhost
Address 1: 127.0.0.1 localhost.localdomain
0.0.0.0/0.0.0.0/255.255.255.0/127.0.0.1
<<< IP SET: WIFI, RES: 0x99, CONN: F
[2022-03-08 08:44:02.368]<<< C0184699574649544F46524F4D5F354700000000000000000000D0
[2022-03-08 08:45:06.411]> C004305246D0
[2022-03-08 08:46:06.407]> C004305246D0
[2022-03-08 08:47:06.404]> C004305246D0
[    0.000000] Booting Linux on physical CPU 0x0
[    0.000000] Initializing cgroup subsys cpuset
[    0.000000] Initializing cgroup subsys cpu
[    0.000000] Initializing cgroup subsys cpuacct
[    0.000000] Linux version 4.1.6-g52c4aa7 (gtbldadm@ubuntu-12) (gcc version 4.9.3 20150413 (prerelease) (Linaro GCC 4.9-2015.05) ) #1 PREEMPT Wed Oct 7 14:38:18 EDT 2015
[    0.000000] CPU: ARMv7 Processor [413fc082] revision 2 (ARMv7), cr=10c5387d
[    0.000000] CPU: PIPT / VIPT nonaliasing data cache, VIPT aliasing instruction cache
[    0.000000] Machine model: TI AM335x BeagleBone Black
[    0.000000] cma: Reserved 24 MiB at 0x9e800000
[    0.000000] Memory policy: Data cache writeback
[    0.000000] On node 0 totalpages: 131072
[    0.000000] free_area_init_node: node 0, pgdat c08bdaa0, node_mem_map de36d000
[    0.000000]   Normal zone: 1152 pages used for memmap
[    0.000000]   Normal zone: 0 pages reserved
[    0.000000]   Normal zone: 131072 pages, LIFO batch:31
[    0.000000] CPU: All CPU(s) started in SVC mode.
[    0.000000] AM335X ES2.1 (neon )
[    0.000000] pcpu-alloc: s0 r0 d32768 u32768 alloc=1*32768
[    0.000000] pcpu-alloc: [0] 0 
[    0.000000] Built 1 zonelists in Zone order, mobility grouping on.  Total pages: 129920
[    0.000000] Kernel command line: console=ttyO0,115200n8 root=PARTUUID=00000000-02 rw rootfstype=ext4 rootwait
[    0.000000] PID hash table entries: 2048 (order: 1, 8192 bytes)
[    0.000000] Dentry cache hash table entries: 65536 (order: 6, 262144 bytes)
[    0.000000] Inode-cache hash table entries: 32768 (order: 5, 131072 bytes)
[    0.000000] Memory: 485272K/524288K available (6247K kernel code, 254K rwdata, 2160K rodata, 260K init, 229K bss, 14440K reserved, 24576K cma-reserved, 0K highmem)
[    0.000000] Virtual kernel memory layout:
[    0.000000]     vector  : 0xffff0000 - 0xffff1000   (   4 kB)
[    0.000000]     fixmap  : 0xffc00000 - 0xfff00000   (3072 kB)
[    0.000000]     vmalloc : 0xe0800000 - 0xff000000   ( 488 MB)
[    0.000000]     lowmem  : 0xc0000000 - 0xe0000000   ( 512 MB)
[    0.000000]     pkmap   : 0xbfe00000 - 0xc0000000   (   2 MB)
[    0.000000]     modules : 0xbf000000 - 0xbfe00000   (  14 MB)
[    0.000000]       .text : 0xc0008000 - 0xc083e05c   (8409 kB)
[    0.000000]       .init : 0xc083f000 - 0xc0880000   ( 260 kB)
[    0.000000]       .data : 0xc0880000 - 0xc08bfb28   ( 255 kB)
[    0.000000]        .bss : 0xc08c2000 - 0xc08fb7f8   ( 230 kB)
[    0.000000] SLUB: HWalign=64, Order=0-3, MinObjects=0, CPUs=1, Nodes=1
[    0.000000] Preemptible hierarchical RCU implementation.
[    0.000000] 	Additional per-CPU info printed with stalls.
[    0.000000] NR_IRQS:16 nr_irqs:16 16
[    0.000000] IRQ: Found an INTC at 0xfa200000 (revision 5.0) with 128 interrupts
[    0.000000] OMAP clockevent source: timer2 at 24000000 Hz
[    0.000014] sched_clock: 32 bits at 24MHz, resolution 41ns, wraps every 89478484971ns
[    0.000033] clocksource timer1: mask: 0xffffffff max_cycles: 0xffffffff, max_idle_ns: 79635851949 ns
[    0.000043] OMAP clocksource: timer1 at 24000000 Hz
[    0.000206] Console: colour dummy device 80x30
[    0.000227] WARNING: Your 'console=ttyO0' has been replaced by 'ttyS0'
[    0.000233] This ensures that you still see kernel messages. Please
[    0.000238] update your kernel commandline.
[    0.000254] Calibrating delay loop... 996.14 BogoMIPS (lpj=4980736)
[    0.089307] pid_max: default: 32768 minimum: 301
[    0.089396] Security Framework initialized
[    0.089443] Mount-cache hash table entries: 1024 (order: 0, 4096 bytes)
[    0.089452] Mountpoint-cache hash table entries: 1024 (order: 0, 4096 bytes)
[    0.090062] Initializing cgroup subsys blkio
[    0.090085] Initializing cgroup subsys memory
[    0.090121] Initializing cgroup subsys devices
[    0.090135] Initializing cgroup subsys freezer
[    0.090147] Initializing cgroup subsys perf_event
[    0.090171] CPU: Testing write buffer coherency: ok
[    0.090528] Setting up static identity map for 0x80008200 - 0x80008270
[    0.091886] devtmpfs: initialized
[    0.100042] VFP support v0.3: implementor 41 architecture 3 part 30 variant c rev 3
[    0.107559] omap_hwmod: tptc0 using broken dt data from edma
[    0.107659] omap_hwmod: tptc1 using broken dt data from edma
[    0.107742] omap_hwmod: tptc2 using broken dt data from edma
[    0.112038] omap_hwmod: debugss: _wait_target_disable failed
[    0.166357] clocksource jiffies: mask: 0xffffffff max_cycles: 0xffffffff, max_idle_ns: 19112604462750000 ns
[    0.168331] pinctrl core: initialized pinctrl subsystem
[    0.169557] NET: Registered protocol family 16
[    0.171445] DMA: preallocated 256 KiB pool for atomic coherent allocations
[    0.199297] cpuidle: using governor ladder
[    0.229287] cpuidle: using governor menu
[    0.232146] gpiochip_add: registered GPIOs 0 to 31 on device: gpio
[    0.232283] OMAP GPIO hardware version 0.1
[    0.232842] GPIO line 60 (LS_BUF_EN) hogged as output/high
[    0.232952] gpiochip_add: registered GPIOs 32 to 63 on device: gpio
[    0.233458] gpiochip_add: registered GPIOs 64 to 95 on device: gpio
[    0.233952] gpiochip_add: registered GPIOs 96 to 127 on device: gpio
[    0.240445] No ATAGs?
[    0.240471] hw-breakpoint: debug architecture 0x4 unsupported.
[    0.276174] edma-dma-engine edma-dma-engine.0: TI EDMA DMA engine driver
[    0.276602] of_get_named_gpiod_flags: can't parse 'gpio' property of node '/fixedregulator@0[0]'
[    0.276914] of_get_named_gpiod_flags: parsed 'gpio' property of node '/fixedregulator@2[0]' - status (0)
[    0.279227] vgaarb: loaded
[    0.279767] SCSI subsystem initialized
[    0.280220] omap_i2c 44e0b000.i2c: could not find pctldev for node /ocp/l4_wkup@44c00000/scm@210000/pinmux@800/pinmux_i2c0_pins, deferring probe
[    0.280266] omap_i2c 4802a000.i2c: could not find pctldev for node /ocp/l4_wkup@44c00000/scm@210000/pinmux@800/pinmux_i2c1_pins, deferring probe
[    0.280379] pps_core: LinuxPPS API ver. 1 registered
[    0.280387] pps_core: Software ver. 5.3.6 - Copyright 2005-2007 Rodolfo Giometti <giometti@linux.it>
[    0.280415] PTP clock support registered
[    0.281125] omap-mailbox 480c8000.mailbox: omap mailbox rev 0x400
[    0.281298] Advanced Linux Sound Architecture Driver Initialized.
[    0.282005] Switched to clocksource timer1
[    0.290765] NET: Registered protocol family 2
[    0.291482] TCP established hash table entries: 4096 (order: 2, 16384 bytes)
[    0.291527] TCP bind hash table entries: 4096 (order: 2, 16384 bytes)
[    0.291565] TCP: Hash tables configured (established 4096 bind 4096)
[    0.291642] UDP hash table entries: 256 (order: 0, 4096 bytes)
[    0.291658] UDP-Lite hash table entries: 256 (order: 0, 4096 bytes)
[    0.291816] NET: Registered protocol family 1
[    0.292234] RPC: Registered named UNIX socket transport module.
[    0.292245] RPC: Registered udp transport module.
[    0.292251] RPC: Registered tcp transport module.
[    0.292256] RPC: Registered tcp NFSv4.1 backchannel transport module.
[    0.292280] PCI: CLS 0 bytes, default 64
[    0.293018] CPU PMU: Failed to parse /pmu/interrupt-affinity[0]
[    0.293065] hw perfevents: enabled with armv7_cortex_a8 PMU driver, 5 counters available
[    0.294710] futex hash table entries: 256 (order: -1, 3072 bytes)
[    0.294787] audit: initializing netlink subsys (disabled)
[    0.294852] audit: type=2000 audit(0.280:1): initialized
[    0.301100] VFS: Disk quotas dquot_6.6.0
[    0.301282] VFS: Dquot-cache hash table entries: 1024 (order 0, 4096 bytes)
[    0.303296] NFS: Registering the id_resolver key type
[    0.303371] Key type id_resolver registered
[    0.303379] Key type id_legacy registered
[    0.303445] jffs2: version 2.2. (NAND) (SUMMARY)  © 2001-2006 Red Hat, Inc.
[    0.305648] NET: Registered protocol family 38
[    0.305715] io scheduler noop registered
[    0.305729] io scheduler deadline registered
[    0.305781] io scheduler cfq registered (default)
[    0.306711] pinctrl-single 44e10800.pinmux: 142 pins at pa f9e10800 size 568
[    0.308389] wkup_m3_ipc 44e11324.wkup_m3_ipc: could not get rproc handle
[    0.309323] Serial: 8250/16550 driver, 10 ports, IRQ sharing enabled
[    0.311869] omap8250 44e09000.serial: GPIO lookup for consumer enable
[    0.311887] omap8250 44e09000.serial: using device tree for GPIO lookup
[    0.311900] of_get_named_gpiod_flags: can't parse 'enable-gpios' property of node '/ocp/serial@44e09000[0]'
[    0.311910] of_get_named_gpiod_flags: can't parse 'enable-gpio' property of node '/ocp/serial@44e09000[0]'
[    0.311918] omap8250 44e09000.serial: using lookup tables for GPIO lookup
[    0.311927] omap8250 44e09000.serial: lookup for GPIO enable failed
[    0.312454] 44e09000.serial: ttyS0 at MMIO 0x44e09000 (irq = 155, base_baud = 3000000) is a 8250
[    0.966584] console [ttyS0] enabled
[    0.970553] omap8250 48022000.serial: GPIO lookup for consumer enable
[    0.970567] omap8250 48022000.serial: using device tree for GPIO lookup
[    0.970578] of_get_named_gpiod_flags: can't parse 'enable-gpios' property of node '/ocp/serial@48022000[0]'
[    0.970587] of_get_named_gpiod_flags: can't parse 'enable-gpio' property of node '/ocp/serial@48022000[0]'
[    0.970595] omap8250 48022000.serial: using lookup tables for GPIO lookup
[    0.970603] omap8250 48022000.serial: lookup for GPIO enable failed
[    0.970924] 48022000.serial: ttyS1 at MMIO 0x48022000 (irq = 156, base_baud = 3000000) is a 8250
[    0.980188] omap8250 48024000.serial: GPIO lookup for consumer enable
[    0.980199] omap8250 48024000.serial: using device tree for GPIO lookup
[    0.980209] of_get_named_gpiod_flags: can't parse 'enable-gpios' property of node '/ocp/serial@48024000[0]'
[    0.980219] of_get_named_gpiod_flags: can't parse 'enable-gpio' property of node '/ocp/serial@48024000[0]'
[    0.980226] omap8250 48024000.serial: using lookup tables for GPIO lookup
[    0.980235] omap8250 48024000.serial: lookup for GPIO enable failed
[    0.980527] 48024000.serial: ttyS2 at MMIO 0x48024000 (irq = 157, base_baud = 3000000) is a 8250
[    0.989758] omap8250 481a8000.serial: GPIO lookup for consumer enable
[    0.989769] omap8250 481a8000.serial: using device tree for GPIO lookup
[    0.989780] of_get_named_gpiod_flags: can't parse 'enable-gpios' property of node '/ocp/serial@481a8000[0]'
[    0.989788] of_get_named_gpiod_flags: can't parse 'enable-gpio' property of node '/ocp/serial@481a8000[0]'
[    0.989796] omap8250 481a8000.serial: using lookup tables for GPIO lookup
[    0.989804] omap8250 481a8000.serial: lookup for GPIO enable failed
[    0.990077] 481a8000.serial: ttyS4 at MMIO 0x481a8000 (irq = 158, base_baud = 3000000) is a 8250
[    0.999304] omap8250 481aa000.serial: GPIO lookup for consumer enable
[    0.999315] omap8250 481aa000.serial: using device tree for GPIO lookup
[    0.999325] of_get_named_gpiod_flags: can't parse 'enable-gpios' property of node '/ocp/serial@481aa000[0]'
[    0.999334] of_get_named_gpiod_flags: can't parse 'enable-gpio' property of node '/ocp/serial@481aa000[0]'
[    0.999341] omap8250 481aa000.serial: using lookup tables for GPIO lookup
[    0.999349] omap8250 481aa000.serial: lookup for GPIO enable failed
[    0.999612] 481aa000.serial: ttyS5 at MMIO 0x481aa000 (irq = 159, base_baud = 3000000) is a 8250
[    1.009292] [drm] Initialized drm 1.1.0 20060810
[    1.015065] tilcdc 4830e000.lcdc: no encoders/connectors found
[    1.020961] tilcdc 4830e000.lcdc: failed to initialize mode setting
[    1.036593] brd: module loaded
[    1.044109] loop: module loaded
[    1.048048] mtdoops: mtd device (mtddev=name/number) must be supplied
[    1.056425] mousedev: PS/2 mouse device common for all mice
[    1.062111] i2c /dev entries driver
[    1.066382] omap_hsmmc 48060000.mmc: GPIO lookup for consumer cd
[    1.066396] omap_hsmmc 48060000.mmc: using device tree for GPIO lookup
[    1.066424] of_get_named_gpiod_flags: parsed 'cd-gpios' property of node '/ocp/mmc@48060000[0]' - status (0)
[    1.066500] omap_hsmmc 48060000.mmc: Got CD GPIO
[    1.071143] omap_hsmmc 48060000.mmc: GPIO lookup for consumer wp
[    1.071151] omap_hsmmc 48060000.mmc: using device tree for GPIO lookup
[    1.071160] of_get_named_gpiod_flags: can't parse 'wp-gpios' property of node '/ocp/mmc@48060000[0]'
[    1.071168] of_get_named_gpiod_flags: can't parse 'wp-gpio' property of node '/ocp/mmc@48060000[0]'
[    1.071176] omap_hsmmc 48060000.mmc: using lookup tables for GPIO lookup
[    1.071185] omap_hsmmc 48060000.mmc: lookup for GPIO wp failed
[    1.102593] omap_hsmmc 481d8000.mmc: GPIO lookup for consumer cd
[    1.102613] omap_hsmmc 481d8000.mmc: using device tree for GPIO lookup
[    1.102626] of_get_named_gpiod_flags: can't parse 'cd-gpios' property of node '/ocp/mmc@481d8000[0]'
[    1.102635] of_get_named_gpiod_flags: can't parse 'cd-gpio' property of node '/ocp/mmc@481d8000[0]'
[    1.102643] omap_hsmmc 481d8000.mmc: using lookup tables for GPIO lookup
[    1.102652] omap_hsmmc 481d8000.mmc: lookup for GPIO cd failed
[    1.102662] omap_hsmmc 481d8000.mmc: GPIO lookup for consumer wp
[    1.102669] omap_hsmmc 481d8000.mmc: using device tree for GPIO lookup
[    1.102678] of_get_named_gpiod_flags: can't parse 'wp-gpios' property of node '/ocp/mmc@481d8000[0]'
[    1.102686] of_get_named_gpiod_flags: can't parse 'wp-gpio' property of node '/ocp/mmc@481d8000[0]'
[    1.102693] omap_hsmmc 481d8000.mmc: using lookup tables for GPIO lookup
[    1.102701] omap_hsmmc 481d8000.mmc: lookup for GPIO wp failed
[    1.142274] omap_hsmmc 47810000.mmc: GPIO lookup for consumer cd
[    1.142292] omap_hsmmc 47810000.mmc: using device tree for GPIO lookup
[    1.142305] of_get_named_gpiod_flags: can't parse 'cd-gpios' property of node '/ocp/mmc@47810000[0]'
[    1.142313] of_get_named_gpiod_flags: can't parse 'cd-gpio' property of node '/ocp/mmc@47810000[0]'
[    1.142321] omap_hsmmc 47810000.mmc: using lookup tables for GPIO lookup
[    1.142329] omap_hsmmc 47810000.mmc: lookup for GPIO cd failed
[    1.142340] omap_hsmmc 47810000.mmc: GPIO lookup for consumer wp
[    1.142347] omap_hsmmc 47810000.mmc: using device tree for GPIO lookup
[    1.142355] of_get_named_gpiod_flags: can't parse 'wp-gpios' property of node '/ocp/mmc@47810000[0]'
[    1.142363] of_get_named_gpiod_flags: can't parse 'wp-gpio' property of node '/ocp/mmc@47810000[0]'
[    1.142370] omap_hsmmc 47810000.mmc: using lookup tables for GPIO lookup
[    1.142377] omap_hsmmc 47810000.mmc: lookup for GPIO wp failed
[    1.182428] mmc0: host does not support reading read-only switch, assuming write-enable
[    1.194879] mmc0: new high speed SDHC card at address e624
[    1.200807] mmcblk0: mmc0:e624 SS08G 7.40 GiB 
[    1.208193]  mmcblk0: p1
[    1.255894] mmc1: MAN_BKOPS_EN bit is not set
[    1.262306] ledtrig-cpu: registered to indicate activity on CPUs
[    1.268850] omap-aes 53500000.aes: OMAP AES hw accel rev: 3.2
[    1.274703] mmc1: new high speed MMC card at address 0001
[    1.280951] mmcblk1: mmc1:0001 Q2J54A 3.64 GiB 
[    1.286443] omap-sham 53100000.sham: hw accel on OMAP rev 4.3
[    1.292562] mmcblk1boot0: mmc1:0001 Q2J54A partition 1 2.00 MiB
[    1.298876] mmcblk1boot1: mmc1:0001 Q2J54A partition 2 2.00 MiB
[    1.306870]  remoteproc0: wkup_m3 is available
[    1.311347]  remoteproc0: Note: remoteproc is still under development and considered experimental.
[    1.320558]  mmcblk1: p1 p2
[    1.325179]  remoteproc0: THE BINARY FORMAT IS NOT YET FINALIZED, and backward compatibility isn't yet guaranteed.
[    1.335890]  remoteproc0: Direct firmware load for am335x-pm-firmware.elf failed with error -2
[    1.349371] oprofile: using arm/armv7
[    1.353209] omap_hsmmc 47810000.mmc: card claims to support voltages below defined range
[    1.361685] Initializing XFRM netlink socket
[    1.366044]  remoteproc0: Falling back to user helper
[    1.371320] NET: Registered protocol family 17
[    1.375898] NET: Registered protocol family 15
[    1.380486] Key type dns_resolver registered
[    1.385172] omap_voltage_late_init: Voltage driver support not added
[    1.392158] ThumbEE CPU extension supported.
[    1.396498] Registering SWP/SWPB emulation handler
[    1.409751] mmc2: queuing unknown CIS tuple 0x91 (3 bytes)
[    1.415969] mmc2: new high speed SDIO card at address 0001
[    1.429635] tps65217 0-0024: TPS65217 ID 0xe version 1.2
[    1.435082] omap_i2c 44e0b000.i2c: bus 0 rev0.11 at 400 kHz
[    1.441652] omap_i2c 4802a000.i2c: bus 1 rev0.11 at 400 kHz
[    1.512066] davinci_mdio 4a101000.mdio: davinci mdio revision 1.6
[    1.518205] davinci_mdio 4a101000.mdio: detected phy mask fffffffe
[    1.525279] libphy: 4a101000.mdio: probed
[    1.529319] davinci_mdio 4a101000.mdio: phy[0]: device 4a101000.mdio:00, driver SMSC LAN8710/LAN8720
[    1.539220] cpsw 4a100000.ethernet: Detected MACID = f4:e1:1e:4e:fa:ae
[    1.546779] hctosys: unable to open rtc device (rtc0)
[    1.555021] wlan-en-regulator: disabling
[    1.559070] ALSA device list:
[    1.562189]   No soundcards found.
[    1.732837] EXT4-fs (mmcblk1p2): recovery complete
[    1.738209] EXT4-fs (mmcblk1p2): mounted filesystem with ordered data mode. Opts: (null)
[    1.746439] VFS: Mounted root (ext4 filesystem) on device 179:10.
[    1.754711] devtmpfs: mounted
[    1.758202] Freeing unused kernel memory: 260K (c083f000 - c0880000)
[    2.266440] udevd[99]: starting version 182
[    2.457653] of_get_named_gpiod_flags: parsed 'gpios' property of node '/leds/led@2[0]' - status (0)
[    2.457856] of_get_named_gpiod_flags: parsed 'gpios' property of node '/leds/led@3[0]' - status (0)
[    2.457993] of_get_named_gpiod_flags: parsed 'gpios' property of node '/leds/led@4[0]' - status (0)
[    2.458129] of_get_named_gpiod_flags: parsed 'gpios' property of node '/leds/led@5[0]' - status (0)
[    2.524198] cpu cpu0: of_pm_voltdm_notifier_register: Fail calculating voltage latency[950000<->1260000]:-22
[    2.601709] omap_wdt: OMAP Watchdog Timer Rev 0x01: initial timeout 60 sec
[    2.666246] cpu cpu0: of_pm_voltdm_notifier_register: Fail calculating voltage latency[950000<->1260000]:-22
[    2.723061] omap_rtc 44e3e000.rtc: rtc core: registered 44e3e000.rtc as rtc0
[    2.809915] am335x-phy-driver 47401300.usb-phy: GPIO lookup for consumer reset
[    2.809940] am335x-phy-driver 47401300.usb-phy: using device tree for GPIO lookup
[    2.809954] of_get_named_gpiod_flags: can't parse 'reset-gpios' property of node '/ocp/usb@47400000/usb-phy@47401300[0]'
[    2.809964] of_get_named_gpiod_flags: can't parse 'reset-gpio' property of node '/ocp/usb@47400000/usb-phy@47401300[0]'
[    2.809973] am335x-phy-driver 47401300.usb-phy: using lookup tables for GPIO lookup
[    2.809982] am335x-phy-driver 47401300.usb-phy: lookup for GPIO reset failed
[    2.809992] am335x-phy-driver 47401300.usb-phy: GPIO lookup for consumer vbus-detect
[    2.809999] am335x-phy-driver 47401300.usb-phy: using device tree for GPIO lookup
[    2.810008] of_get_named_gpiod_flags: can't parse 'vbus-detect-gpios' property of node '/ocp/usb@47400000/usb-phy@47401300[0]'
[    2.810016] of_get_named_gpiod_flags: can't parse 'vbus-detect-gpio' property of node '/ocp/usb@47400000/usb-phy@47401300[0]'
[    2.810024] am335x-phy-driver 47401300.usb-phy: using lookup tables for GPIO lookup
[    2.810032] am335x-phy-driver 47401300.usb-phy: lookup for GPIO vbus-detect failed
[    2.810089] 47401300.usb-phy supply vcc not found, using dummy regulator
[    2.841180] cpufreq: __cpufreq_add_dev: CPU0: Running at unlisted freq: 1000000 KHz
[    2.922744] cpufreq: __cpufreq_add_dev: CPU0: Unlisted initial frequency changed to: 800000 KHz
[    2.933701] am335x-phy-driver 47401b00.usb-phy: GPIO lookup for consumer reset
[    2.933726] am335x-phy-driver 47401b00.usb-phy: using device tree for GPIO lookup
[    2.933742] of_get_named_gpiod_flags: can't parse 'reset-gpios' property of node '/ocp/usb@47400000/usb-phy@47401b00[0]'
[    2.933754] of_get_named_gpiod_flags: can't parse 'reset-gpio' property of node '/ocp/usb@47400000/usb-phy@47401b00[0]'
[    2.933764] am335x-phy-driver 47401b00.usb-phy: using lookup tables for GPIO lookup
[    2.933776] am335x-phy-driver 47401b00.usb-phy: lookup for GPIO reset failed
[    2.933787] am335x-phy-driver 47401b00.usb-phy: GPIO lookup for consumer vbus-detect
[    2.933797] am335x-phy-driver 47401b00.usb-phy: using device tree for GPIO lookup
[    2.933807] of_get_named_gpiod_flags: can't parse 'vbus-detect-gpios' property of node '/ocp/usb@47400000/usb-phy@47401b00[0]'
[    2.933817] of_get_named_gpiod_flags: can't parse 'vbus-detect-gpio' property of node '/ocp/usb@47400000/usb-phy@47401b00[0]'
[    2.933827] am335x-phy-driver 47401b00.usb-phy: using lookup tables for GPIO lookup
[    2.933837] am335x-phy-driver 47401b00.usb-phy: lookup for GPIO vbus-detect failed
[    2.933898] 47401b00.usb-phy supply vcc not found, using dummy regulator
[    3.082714] omap_rng 48310000.rng: OMAP Random Number Generator ver. 20
[    3.847811] PM: bootloader does not support rtc-only!
[    3.889991]  remoteproc0: powering up wkup_m3
[    3.943849]  remoteproc0: Booting fw image am335x-pm-firmware.elf, size 219803
[    4.065242]  remoteproc0: remote processor wkup_m3 is now up
[    4.065268] wkup_m3_ipc 44e11324.wkup_m3_ipc: CM3 Firmware Version = 0x191
[    6.098726] usbcore: registered new interface driver usbfs
[    6.162547] usbcore: registered new interface driver hub
[    6.184779] FAT-fs (mmcblk1p1): Volume was not properly unmounted. Some data may be corrupt. Please run fsck.
[    6.198714] FAT-fs (mmcblk0p1): Volume was not properly unmounted. Some data may be corrupt. Please run fsck.
[    6.224937] usbcore: registered new device driver usb
[    6.260372] musb-hdrc: ConfigData=0xde (UTMI-8, dyn FIFOs, bulk combine, bulk split, HB-ISO Rx, HB-ISO Tx, SoftConn)
[    6.260399] musb-hdrc: MHDRC RTL version 2.0 
[    6.260408] musb-hdrc: setup fifo_mode 4
[    6.260430] musb-hdrc: 28/31 max ep, 16384/16384 memory
[    6.339899] musb-hdrc: ConfigData=0xde (UTMI-8, dyn FIFOs, bulk combine, bulk split, HB-ISO Rx, HB-ISO Tx, SoftConn)
[    6.339926] musb-hdrc: MHDRC RTL version 2.0 
[    6.339936] musb-hdrc: setup fifo_mode 4
[    6.339956] musb-hdrc: 28/31 max ep, 16384/16384 memory
[    6.340114] musb-hdrc musb-hdrc.2.auto: MUSB HDRC host driver
[    6.381332] cfg80211: Calling CRDA to update world regulatory domain
[    6.442286] musb-hdrc musb-hdrc.2.auto: new USB bus registered, assigned bus number 1
[    6.498742] usb usb1: New USB device found, idVendor=1d6b, idProduct=0002
[    6.532213] usb usb1: New USB device strings: Mfr=3, Product=2, SerialNumber=1
[    6.575921] usb usb1: Product: MUSB HDRC host driver
[    6.618882] usb usb1: Manufacturer: Linux 4.1.6-g52c4aa7 musb-hcd
[    6.653899] wl18xx_driver wl18xx.0.auto: Direct firmware load for ti-connectivity/wl1271-nvs.bin failed with error -2
[    6.670070] cfg80211: World regulatory domain updated:
[    6.682343] usb usb1: SerialNumber: musb-hdrc.2.auto
[    6.706889] hub 1-0:1.0: USB hub found
[    6.710736] wl18xx_driver wl18xx.0.auto: Falling back to user helper
[    6.717256] cfg80211:  DFS Master region: unset
[    6.721640] cfg80211:   (start_freq - end_freq @ bandwidth), (max_antenna_gain, max_eirp), (dfs_cac_time)
[    6.736023] hub 1-0:1.0: 1 port detected
[    6.802194] cfg80211:   (2402000 KHz - 2472000 KHz @ 40000 KHz), (N/A, 2000 mBm), (N/A)
[    6.810276] cfg80211:   (2457000 KHz - 2482000 KHz @ 40000 KHz), (N/A, 2000 mBm), (N/A)
[    6.900502] cfg80211:   (2474000 KHz - 2494000 KHz @ 20000 KHz), (N/A, 2000 mBm), (N/A)
[    6.909203] musb-hdrc musb-hdrc.2.auto: VBUS_ERROR in a_wait_vrise (81, <SessEnd), retry #1, port1 00000104
[    6.921625] cfg80211:   (5170000 KHz - 5250000 KHz @ 80000 KHz, 160000 KHz AUTO), (N/A, 2000 mBm), (N/A)
[    6.931346] cfg80211:   (5250000 KHz - 5330000 KHz @ 80000 KHz, 160000 KHz AUTO), (N/A, 2000 mBm), (0 s)
[    6.940947] cfg80211:   (5490000 KHz - 5730000 KHz @ 160000 KHz), (N/A, 2000 mBm), (0 s)
[    6.949247] cfg80211:   (5735000 KHz - 5835000 KHz @ 80000 KHz), (N/A, 2000 mBm), (N/A)
[    6.957351] cfg80211:   (57240000 KHz - 63720000 KHz @ 2160000 KHz), (N/A, 0 mBm), (N/A)
[    7.038832] cryptodev: driver 1.6 loaded.
[    7.061653] musb-hdrc musb-hdrc.2.auto: VBUS_ERROR in a_wait_vrise (81, <SessEnd), retry #2, port1 00000104
[    7.082753] EXT4-fs (mmcblk1p2): re-mounted. Opts: data=ordered
[    7.182960] wlcore: wl18xx HW: 183x or 180x, PG 2.2 (ROM 0x11)
[    7.214083] musb-hdrc musb-hdrc.2.auto: VBUS_ERROR in a_wait_vrise (81, <SessEnd), retry #3, port1 00000104
[    7.230452] random: dd urandom read with 81 bits of entropy available
[    7.259330] wlcore: loaded
[    7.366513] musb-hdrc musb-hdrc.2.auto: VBUS_ERROR in a_wait_vrise (80, <SessEnd), retry #3, port1 0008010c
[    8.633472] NET: Registered protocol family 10
[    9.499643] random: nonblocking pool is initialized
[   10.512368] i2c i2c-1: new_device: Instantiated device ds1307 at 0x68
[   10.533433] rtc-ds1307 1-0068: rtc core: registered ds1307 as rtc1
[   10.539684] rtc-ds1307 1-0068: 56 bytes nvram
[2022-03-08 08:48:32.003][............................................................................]
UPDATE [03:09:08] 
TID: LTM2020KRL001
[TERMINAL]  ..... COMPANY [NGT-LTM-KRL]
SYSTEM START ............... ver [1.0.2] Build [220215]
[2022-03-08 08:48:33.045]< C00439564AD0
[2022-03-08 08:48:33.110]< C004305246D0
[2022-03-08 08:48:33.141]> C0093056302E302E313CD0
RN4870 V1.41 11/06/2020 (c)Microchip Technology Inc
-------------------------------------
[MAC] ETH  F4:E1:1E:4E:FA:AE
[MAC] WLAN 2C:AB:33:D2:89:67
[MAC] BLE  04:91:62:A8:30:24
-------------------------------------
wlan0     Link encap:Ethernet  HWaddr 2C:AB:33:D2:89:67  
          BROADCAST MULTICAST  MTU:1500  Metric:1
          RX packets:0 errors:0 dropped:0 overruns:0 frame:0
          TX packets:0 errors:0 dropped:0 overruns:0 carrier:0
          collisions:0 txqueuelen:1000 
          RX bytes:0 (0.0 B)  TX bytes:0 (0.0 B)

udhcpc (v1.23.1) started
Sending discover...
Sending discover...
Sending discover...
No lease, failing
udhcpc (v1.23.1) started
Sending discover...
Sending discover...
Sending discover...
No lease, failing
wlan0     Link encap:Ethernet  HWaddr 2C:AB:33:D2:89:67  
          UP BROADCAST MULTICAST  MTU:1500  Metric:1
          RX packets:0 errors:0 dropped:0 overruns:0 frame:0
          TX packets:0 errors:0 dropped:0 overruns:0 carrier:0
          collisions:0 txqueuelen:1000 
          RX bytes:0 (0.0 B)  TX bytes:0 (0.0 B)

Server:    127.0.0.1
Address 1: 127.0.0.1 localhost.localdomain

Name:      localhost
Address 1: 127.0.0.1 localhost.localdomain
0.0.0.0/0.0.0.0/255.255.255.0/127.0.0.1
[TSYNC] Failed to 'Link up'
[2022-03-08 08:49:16.237][............................................................................]
[2022-03-08 08:49:32.855]> C004305246D0
[2022-03-08 08:50:32.852]> C004305246D0
[2022-03-08 08:50:39.257]>>> C00141D0
>>> STATUS
<<< STATUS, RES: 0x00, MAC: F4:E1:1E:4E:FA:AE, VER: 1.0.2
[2022-03-08 08:50:39.271]<<< C00B4100F4E11E4EFAAE010002D0
[2022-03-08 08:50:41.747]>>> C00146D0
>>> IP
<<< IP: WIFI, RES: 0x99, CONN: F
[2022-03-08 08:50:41.793]<<< C01846995746006DECBFB360ECBFB31C0000000E000000D57901D0
[2022-03-08 08:51:03.937]>>> C02A465749544F46524F4D5F3547000000000000000000003635373036353731000000000000000000000000D0
>>> IP SET: WIFI, SSID: ITOFROM_5G, PW: 65706571
[   25.054719] wlcore: PHY firmware version: Rev 8.2.0.0.232
[   25.164762] wlcore: firmware booted (Rev 8.9.0.0.48)
[   25.192803] IPv6: ADDRCONF(NETDEV_UP): wlan0: link is not ready
[   25.262269] cfg80211: Calling CRDA for country: US
[   25.433134] cfg80211: Regulatory domain changed to country: US
[   25.439083] cfg80211:  DFS Master region: FCC
[   25.443736] cfg80211:   (start_freq - end_freq @ bandwidth), (max_antenna_gain, max_eirp), (dfs_cac_time)
[   25.453643] cfg80211:   (2402000 KHz - 2472000 KHz @ 40000 KHz), (N/A, 3000 mBm), (N/A)
[   25.461742] cfg80211:   (5170000 KHz - 5250000 KHz @ 80000 KHz, 160000 KHz AUTO), (N/A, 1700 mBm), (N/A)
[   25.471861] cfg80211:   (5250000 KHz - 5330000 KHz @ 80000 KHz, 160000 KHz AUTO), (N/A, 2300 mBm), (0 s)
[   25.481482] cfg80211:   (5735000 KHz - 5835000 KHz @ 80000 KHz), (N/A, 3000 mBm), (N/A)
[   25.489846] cfg80211:   (57240000 KHz - 63720000 KHz @ 2160000 KHz), (N/A, 4000 mBm), (N/A)
wlan0     Link encap:Ethernet  HWaddr 2C:AB:33:D2:89:67  
          BROADCAST MULTICAST  MTU:1500  Metric:1
          RX packets:0 errors:0 dropped:0 overruns:0 frame:0
          TX packets:0 errors:0 dropped:0 overruns:0 carrier:0
          collisions:0 txqueuelen:1000 
          RX bytes:0 (0.0 B)  TX bytes:0 (0.0 B)

udhcpc (v1.23.1) started
Sending discover...
Sending discover...
Sending discover...
No lease, failing
udhcpc (v1.23.1) started
Sending discover...
Sending discover...
[2022-03-08 08:51:32.848]> C004305246D0
Sending discover...
No lease, failing
wlan0     Link encap:Ethernet  HWaddr 2C:AB:33:D2:89:67  
          UP BROADCAST MULTICAST  MTU:1500  Metric:1
          RX packets:0 errors:0 dropped:0 overruns:0 frame:0
          TX packets:0 errors:0 dropped:0 overruns:0 carrier:0
          collisions:0 txqueuelen:1000 
          RX bytes:0 (0.0 B)  TX bytes:0 (0.0 B)

Server:    127.0.0.1
Address 1: 127.0.0.1 localhost.localdomain

Name:      localhost
Address 1: 127.0.0.1 localhost.localdomain
0.0.0.0/0.0.0.0/255.255.255.0/127.0.0.1
<<< IP SET: WIFI, RES: 0x99, CONN: F
[2022-03-08 08:51:43.354]<<< C0184699574649544F46524F4D5F354700000000000000000000D0
[2022-03-08 08:52:00.129]>>> C02A465749544F46524F4D5F3547000000000000000000003635373036353731000000000000000000000000D0
>>> IP SET: WIFI, SSID: ITOFROM_5G, PW: 65706571
[  165.122459] wlcore: down
[  165.232739] wlcore: down
[  172.224906] wlcore: PHY firmware version: Rev 8.2.0.0.232
[  172.426001] wlcore: firmware booted (Rev 8.9.0.0.48)
[  172.449839] IPv6: ADDRCONF(NETDEV_UP): wlan0: link is not ready
wlan0     Link encap:Ethernet  HWaddr 2C:AB:33:D2:89:67  
          BROADCAST MULTICAST  MTU:1500  Metric:1
          RX packets:0 errors:0 dropped:0 overruns:0 frame:0
          TX packets:0 errors:0 dropped:0 overruns:0 carrier:0
          collisions:0 txqueuelen:1000 
          RX bytes:0 (0.0 B)  TX bytes:0 (0.0 B)

udhcpc (v1.23.1) started
Sending discover...
Sending discover...
Sending discover...
No lease, failing
udhcpc (v1.23.1) started
Sending discover...
Sending discover...
Sending discover...
[2022-03-08 08:52:32.844]> C004305246D0
No lease, failing
wlan0     Link encap:Ethernet  HWaddr 2C:AB:33:D2:89:67  
          UP BROADCAST MULTICAST  MTU:1500  Metric:1
          RX packets:0 errors:0 dropped:0 overruns:0 frame:0
          TX packets:0 errors:0 dropped:0 overruns:0 carrier:0
          collisions:0 txqueuelen:1000 
          RX bytes:0 (0.0 B)  TX bytes:0 (0.0 B)

Server:    127.0.0.1
Address 1: 127.0.0.1 localhost.localdomain

Name:      localhost
Address 1: 127.0.0.1 localhost.localdomain
0.0.0.0/0.0.0.0/255.255.255.0/127.0.0.1
<<< IP SET: WIFI, RES: 0x99, CONN: F
[2022-03-08 08:52:39.531]<<< C0184699574649544F46524F4D5F354700000000000000000000D0
[2022-03-08 08:53:32.840]> C004305246D0
[2022-03-08 08:53:44.623]>>> C02A465749544F46524F4D5F3547000000000000000000003635373036353731000000000000000000000000D0
>>> IP SET: WIFI, SSID: ITOFROM_5G, PW: 65706571
[  221.272472] wlcore: down
[  221.383953] wlcore: down
[  228.374379] wlcore: PHY firmware version: Rev 8.2.0.0.232
[  228.575944] wlcore: firmware booted (Rev 8.9.0.0.48)
[  228.599249] IPv6: ADDRCONF(NETDEV_UP): wlan0: link is not ready
wlan0     Link encap:Ethernet  HWaddr 2C:AB:33:D2:89:67  
          BROADCAST MULTICAST  MTU:1500  Metric:1
          RX packets:0 errors:0 dropped:0 overruns:0 frame:0
          TX packets:0 errors:0 dropped:0 overruns:0 carrier:0
          collisions:0 txqueuelen:1000 
          RX bytes:0 (0.0 B)  TX bytes:0 (0.0 B)

udhcpc (v1.23.1) started
Sending discover...
Sending discover...
Sending discover...
No lease, failing
udhcpc (v1.23.1) started
Sending discover...
Sending discover...
Sending discover...
No lease, failing
wlan0     Link encap:Ethernet  HWaddr 2C:AB:33:D2:89:67  
          UP BROADCAST MULTICAST  MTU:1500  Metric:1
          RX packets:0 errors:0 dropped:0 overruns:0 frame:0
          TX packets:0 errors:0 dropped:0 overruns:0 carrier:0
          collisions:0 txqueuelen:1000 
          RX bytes:0 (0.0 B)  TX bytes:0 (0.0 B)

Server:    127.0.0.1
Address 1: 127.0.0.1 localhost.localdomain

Name:      localhost
Address 1: 127.0.0.1 localhost.localdomain
0.0.0.0/0.0.0.0/255.255.255.0/127.0.0.1
<<< IP SET: WIFI, RES: 0x99, CONN: F
[2022-03-08 08:54:24.003]<<< C0184699574649544F46524F4D5F354700000000000000000000D0
[2022-03-08 08:54:38.291]> C004305246D0
[2022-03-08 08:54:55.437]>>> C00146D0
>>> IP
<<< IP: WIFI, RES: 0x99, CONN: F
[2022-03-08 08:54:55.482]<<< C01846995746006DECBFB3FC0440B53635373036353731000000D0
[2022-03-08 08:55:19.666]>>> C02A465749544F46524F4D5F3547000000000000000000003131313131313131000000000000000000000000D0
>>> IP SET: WIFI, SSID: ITOFROM_5G, PW: 11111111
[  325.752586] wlcore: down
[  325.879048] wlcore: down
[  332.864602] wlcore: PHY firmware version: Rev 8.2.0.0.232
[  333.065966] wlcore: firmware booted (Rev 8.9.0.0.48)
[  333.089626] IPv6: ADDRCONF(NETDEV_UP): wlan0: link is not ready
wlan0     Link encap:Ethernet  HWaddr 2C:AB:33:D2:89:67  
          BROADCAST MULTICAST  MTU:1500  Metric:1
          RX packets:0 errors:0 dropped:0 overruns:0 frame:0
          TX packets:0 errors:0 dropped:0 overruns:0 carrier:0
          collisions:0 txqueuelen:1000 
          RX bytes:0 (0.0 B)  TX bytes:0 (0.0 B)

udhcpc (v1.23.1) started
Sending discover...
Sending discover...
[2022-03-08 08:55:38.287]> C004305246D0
Sending discover...
No lease, failing
udhcpc (v1.23.1) started
Sending discover...
Sending discover...
Sending discover...
No lease, failing
wlan0     Link encap:Ethernet  HWaddr 2C:AB:33:D2:89:67  
          UP BROADCAST MULTICAST  MTU:1500  Metric:1
          RX packets:0 errors:0 dropped:0 overruns:0 frame:0
          TX packets:0 errors:0 dropped:0 overruns:0 carrier:0
          collisions:0 txqueuelen:1000 
          RX bytes:0 (0.0 B)  TX bytes:0 (0.0 B)

Server:    127.0.0.1
Address 1: 127.0.0.1 localhost.localdomain

Name:      localhost
Address 1: 127.0.0.1 localhost.localdomain
0.0.0.0/0.0.0.0/255.255.255.0/127.0.0.1
<<< IP SET: WIFI, RES: 0x99, CONN: F
[2022-03-08 08:55:59.053]<<< C0184699574649544F46524F4D5F354700000000000000000000D0
[2022-03-08 08:56:38.283]> C004305246D0
[2022-03-08 08:57:38.279]> C004305246D0
[2022-03-08 08:58:05.632]>>> C02A465749544F46524F4D5F3547000000000000000000003634373036353731000000000000000000000000D0
>>> IP SET: WIFI, SSID: ITOFROM_5G, PW: 64706571
[  420.792568] wlcore: down
[  420.919058] wlcore: down
[  427.914285] wlcore: PHY firmware version: Rev 8.2.0.0.232
[  428.115998] wlcore: firmware booted (Rev 8.9.0.0.48)
[  428.139926] IPv6: ADDRCONF(NETDEV_UP): wlan0: link is not ready
wlan0     Link encap:Ethernet  HWaddr 2C:AB:33:D2:89:67  
          BROADCAST MULTICAST  MTU:1500  Metric:1
          RX packets:0 errors:0 dropped:0 overruns:0 frame:0
          TX packets:0 errors:0 dropped:0 overruns:0 carrier:0
          collisions:0 txqueuelen:1000 
          RX bytes:0 (0.0 B)  TX bytes:0 (0.0 B)

udhcpc (v1.23.1) started
Sending discover...
Sending discover...
Sending discover...
No lease, failing
udhcpc (v1.23.1) started
Sending discover...
Sending discover...
Sending discover...
[2022-03-08 08:58:38.275]> C004305246D0
No lease, failing
wlan0     Link encap:Ethernet  HWaddr 2C:AB:33:D2:89:67  
          UP BROADCAST MULTICAST  MTU:1500  Metric:1
          RX packets:0 errors:0 dropped:0 overruns:0 frame:0
          TX packets:0 errors:0 dropped:0 overruns:0 carrier:0
          collisions:0 txqueuelen:1000 
          RX bytes:0 (0.0 B)  TX bytes:0 (0.0 B)

Server:    127.0.0.1
Address 1: 127.0.0.1 localhost.localdomain

Name:      localhost
Address 1: 127.0.0.1 localhost.localdomain
0.0.0.0/0.0.0.0/255.255.255.0/127.0.0.1
<<< IP SET: WIFI, RES: 0x99, CONN: F
[2022-03-08 08:58:45.043]<<< C0184699574649544F46524F4D5F354700000000000000000000D0
[2022-03-08 08:59:02.424]>>> C02A465749544F46524F4D5F3547000000000000000000003635373036353731000000000000000000000000D0
>>> IP SET: WIFI, SSID: ITOFROM_5G, PW: 65706571
[  586.772511] wlcore: down
[  586.908948] wlcore: down
[  593.864423] wlcore: PHY firmware version: Rev 8.2.0.0.232
[  594.065969] wlcore: firmware booted (Rev 8.9.0.0.48)
[  594.089209] IPv6: ADDRCONF(NETDEV_UP): wlan0: link is not ready
wlan0     Link encap:Ethernet  HWaddr 2C:AB:33:D2:89:67  
          BROADCAST MULTICAST  MTU:1500  Metric:1
          RX packets:0 errors:0 dropped:0 overruns:0 frame:0
          TX packets:0 errors:0 dropped:0 overruns:0 carrier:0
          collisions:0 txqueuelen:1000 
          RX bytes:0 (0.0 B)  TX bytes:0 (0.0 B)

udhcpc (v1.23.1) started
Sending discover...
[CDATA] Error: 'Link up'
[2022-03-08 08:59:16.052][ERROR] CONNECT
[2022-03-08 08:59:16.056][CDATA] Failed to 'Data transmission'
[TDATA] Error: 'Link up'
[2022-03-08 08:59:16.111][ERROR] CONNECT
[2022-03-08 08:59:16.115][TDATA] Failed to 'Data transmission'
[  643.552614] wlcore: down
[  643.679065] wlcore: down
[  650.674386] wlcore: PHY firmware version: Rev 8.2.0.0.232
[  650.875940] wlcore: firmware booted (Rev 8.9.0.0.48)
[  650.899195] IPv6: ADDRCONF(NETDEV_UP): wlan0: link is not ready
Received SIGTERM
wlan0     Link encap:Ethernet  HWaddr 2C:AB:33:D2:89:67  
          BROADCAST MULTICAST  MTU:1500  Metric:1
          RX packets:0 errors:0 dropped:0 overruns:0 frame:0
          TX packets:0 errors:0 dropped:0 overruns:0 carrier:0
          collisions:0 txqueuelen:1000 
          RX bytes:0 (0.0 B)  TX bytes:0 (0.0 B)

wlan0     Link encap:Ethernet  HWaddr 2C:AB:33:D2:89:67  
          BROADCAST MULTICAST  MTU:1500  Metric:1
          RX packets:0 errors:0 dropped:0 overruns:0 frame:0
          TX packets:0 errors:0 dropped:0 overruns:0 carrier:0
          collisions:0 txqueuelen:1000 
          RX bytes:0 (0.0 B)  TX bytes:0 (0.0 B)

Server:    127.0.0.1
Address 1: 127.0.0.1 localhost.localdomain

Name:      localhost
Address 1: 127.0.0.1 localhost.localdomain
0.0.0.0/0.0.0.0/255.255.255.0/127.0.0.1
<<< IP SET: WIFI, RES: 0x99, CONN: F
[2022-03-08 08:59:20.857]<<< C0184699574649544F46524F4D5F354700000000000000000000D0
udhcpc (v1.23.1) started
Sending discover...
Sending discover...
Sending discover...
No lease, failing
udhcpc (v1.23.1) started
Sending discover...
[2022-03-08 08:59:43.523]> C004305246D0
Sending discover...
[2022-03-08 08:59:45.552]>>> C00141D0
>>> STATUS
<<< STATUS, RES: 0x00, MAC: F4:E1:1E:4E:FA:AE, VER: 1.0.2
[2022-03-08 08:59:45.566]<<< C00B4100F4E11E4EFAAE010002D0
[2022-03-08 08:59:47.366]>>> C00146D0
>>> IP
<<< IP: WIFI, RES: 0x99, CONN: F
[2022-03-08 08:59:47.411]<<< C01846995746006DECBFB360ECBFB31C0000000E000000D57901D0
Sending discover...
No lease, failing
wlan0     Link encap:Ethernet  HWaddr 2C:AB:33:D2:89:67  
          UP BROADCAST MULTICAST  MTU:1500  Metric:1
          RX packets:0 errors:0 dropped:0 overruns:0 frame:0
          TX packets:0 errors:0 dropped:0 overruns:0 carrier:0
          collisions:0 txqueuelen:1000 
          RX bytes:0 (0.0 B)  TX bytes:0 (0.0 B)

Server:    127.0.0.1
Address 1: 127.0.0.1 localhost.localdomain

Name:      localhost
Address 1: 127.0.0.1 localhost.localdomain
0.0.0.0/0.0.0.0/255.255.255.0/127.0.0.1
[2022-03-08 08:59:55.490][NET] Failed to setup network
[2022-03-08 09:00:14.926]>>> C02A465749544F46524F4D5F4C41425F53554200000000003635373036353731000000000000000000000000D0
>>> IP SET: WIFI, SSID: ITOFROM_LAB_SUB, PW: 65706571
[  657.232605] wlcore: down
[  657.372957] wlcore: down
[  664.354322] wlcore: PHY firmware version: Rev 8.2.0.0.232
[  664.556009] wlcore: firmware booted (Rev 8.9.0.0.48)
[  664.579699] IPv6: ADDRCONF(NETDEV_UP): wlan0: link is not ready
wlan0     Link encap:Ethernet  HWaddr 2C:AB:33:D2:89:67  
          BROADCAST MULTICAST  MTU:1500  Metric:1
          RX packets:0 errors:0 dropped:0 overruns:0 frame:0
          TX packets:0 errors:0 dropped:0 overruns:0 carrier:0
          collisions:0 txqueuelen:1000 
          RX bytes:0 (0.0 B)  TX bytes:0 (0.0 B)

udhcpc (v1.23.1) started
Sending discover...
Sending select for 192.168.0.171...
Lease of 192.168.0.171 obtained, lease time 86400
/etc/udhcpc.d/50default: Adding DNS 168.126.63.1
/etc/udhcpc.d/50default: Adding DNS 168.126.63.2
wlan0     Link encap:Ethernet  HWaddr 2C:AB:33:D2:89:67  
          inet addr:192.168.0.171  Bcast:192.168.0.255  Mask:255.255.255.0
          UP BROADCAST RUNNING MULTICAST  MTU:1500  Metric:1
          RX packets:5 errors:0 dropped:0 overruns:0 frame:0
          TX packets:7 errors:0 dropped:0 overruns:0 carrier:0
          collisions:0 txqueuelen:1000 
          RX bytes:1544 (1.5 KiB)  TX bytes:1330 (1.2 KiB)

default via 192.168.0.1 dev wlan0  metric 10 
192.168.0.0/24 dev wlan0  proto kernel  scope link  src 192.168.0.171 
[2022-03-08 09:00:43.519]> C004305246D0
Server:    168.126.63.1
Address 1: 168.126.63.1

Name:      localhost
Address 1: 127.0.0.1 localhost.localdomain
192.168.0.171/192.168.0.1/255.255.255.0/168.126.63.1
PING 192.168.0.1 (192.168.0.1): 56 data bytes

--- 192.168.0.1 ping statistics ---
3 packets transmitted, 0 packets received, 100% packet loss
PING 168.126.63.1 (168.126.63.1): 56 data bytes

--- 168.126.63.1 ping statistics ---
3 packets transmitted, 0 packets received, 100% packet loss
<<< IP SET: WIFI, RES: 0x99, CONN: F
[2022-03-08 09:01:21.761]<<< C0184699574649544F46524F4D5F4C41425F5355420000000000D0
[2022-03-08 09:01:35.632]>>> C02A465749544F46524F4D000000000000000000000000003635373036353731000000000000000000000000D0
>>> IP SET: WIFI, SSID: ITOFROM, PW: 65706571
[  716.052641] wlcore: down
[  716.169016] wlcore: down
[  723.163935] wlcore: PHY firmware version: Rev 8.2.0.0.232
[  723.365896] wlcore: firmware booted (Rev 8.9.0.0.48)
[  723.389369] IPv6: ADDRCONF(NETDEV_UP): wlan0: link is not ready
[  727.451048] wlan0: authenticate with 00:08:9f:8d:7a:8e
[  727.482837] wlan0: send auth to 00:08:9f:8d:7a:8e (try 1/3)
[  727.704925] wlan0: authenticated
[  727.712342] wlan0: associate with 00:08:9f:8d:7a:8e (try 1/3)
[  727.751185] wlan0: RX AssocResp from 00:08:9f:8d:7a:8e (capab=0x411 status=0 aid=2)
[  727.773923] IPv6: ADDRCONF(NETDEV_CHANGE): wlan0: link becomes ready
[  727.780363] wlan0: associated
[  728.008260] wlcore: Association completed.
wlan0     Link encap:Ethernet  HWaddr 2C:AB:33:D2:89:67  
          inet addr:192.168.0.171  Bcast:192.168.0.255  Mask:255.255.255.0
          UP BROADCAST RUNNING MULTICAST  MTU:1500  Metric:1
          RX packets:6 errors:0 dropped:0 overruns:0 frame:0
          TX packets:25 errors:0 dropped:0 overruns:0 carrier:0
          collisions:0 txqueuelen:1000 
          RX bytes:1586 (1.5 KiB)  TX bytes:3126 (3.0 KiB)

[2022-03-08 09:01:43.516]> C004305246D0
udhcpc (v1.23.1) started
Sending discover...
Sending discover...
Sending select for 192.168.0.171...
Lease of 192.168.0.171 obtained, lease time 86400
/etc/udhcpc.d/50default: Adding DNS 168.126.63.1
/etc/udhcpc.d/50default: Adding DNS 168.126.63.2
wlan0     Link encap:Ethernet  HWaddr 2C:AB:33:D2:89:67  
          inet addr:192.168.0.171  Bcast:192.168.0.255  Mask:255.255.255.0
          UP BROADCAST RUNNING MULTICAST  MTU:1500  Metric:1
          RX packets:17 errors:0 dropped:0 overruns:0 frame:0
          TX packets:34 errors:0 dropped:0 overruns:0 carrier:0
          collisions:0 txqueuelen:1000 
          RX bytes:3448 (3.3 KiB)  TX bytes:4928 (4.8 KiB)

default via 192.168.0.1 dev wlan0  metric 10 
192.168.0.0/24 dev wlan0  proto kernel  scope link  src 192.168.0.171 
Server:    168.126.63.1
Address 1: 168.126.63.1 kns.kornet.net

Name:      localhost
Address 1: 127.0.0.1 localhost.localdomain
192.168.0.171/192.168.0.1/255.255.255.0/168.126.63.1
PING 192.168.0.1 (192.168.0.1): 56 data bytes
64 bytes from 192.168.0.1: seq=0 ttl=64 time=61.757 ms

--- 192.168.0.1 ping statistics ---
1 packets transmitted, 1 packets received, 0% packet loss
round-trip min/avg/max = 61.757/61.757/61.757 ms
<<< IP: WIFI, RES: 0x00, CONN: S
[2022-03-08 09:01:59.289]<<< C0184600575349544F46524F4D00000000000000000000000000D0
[2022-03-08 09:02:41.288]>>> C00145D0
>>> URL
<<< URL, RES: 0x00, url: https://dev.shotline.kr/ltm/transfer/data
[2022-03-08 09:02:41.302]<<< C0364500010168747470733A2F2F6465762E73686F746C696E652E6B722F6C746D2F7472616E736665722F64617461000000000000000000D0
[2022-03-08 09:02:43.512]> C004305246D0
[2022-03-08 09:02:47.978]>>> C00148D0
>>> PING
PING 192.168.0.1 (192.168.0.1): 56 data bytes
64 bytes from 192.168.0.1: seq=0 ttl=64 time=407.487 ms

--- 192.168.0.1 ping statistics ---
1 packets transmitted, 1 packets received, 0% packet loss
round-trip min/avg/max = 407.487/407.487/407.487 ms
<<< PING 'D', 1/5
[2022-03-08 09:02:50.184]<<< C0364844050150494E47203139322E3136382E302E3120283139322E3136382E302E31293A20353620646174612062797465730A36342062D0
<<< PING 'D', 2/5
[2022-03-08 09:02:50.203]<<< C03648440502797465732066726F6D203139322E3136382E302E313A207365713D302074746C3D36342074696D653D3430372E343837206DD0
<<< PING 'D', 3/5
[2022-03-08 09:02:50.223]<<< C03648440503730A0A2D2D2D203139322E3136382E302E312070696E672073746174697374696373202D2D2D0A31207061636B6574732074D0
<<< PING 'D', 4/5
[2022-03-08 09:02:50.244]<<< C0364844050472616E736D69747465642C2031207061636B6574732072656365697665642C203025207061636B6574206C6F73730A726F75D0
<<< PING 'D', 5/5
[2022-03-08 09:02:50.264]<<< C036484405056E642D74726970206D696E2F6176672F6D6178203D203430372E3438372F3430372E3438372F3430372E343837206D730A00D0
<<< PING 'U', 1/1
Succeed to 'PING'
[2022-03-08 09:02:50.294]<<< C036485501015375636365656420746F202750494E4727000000000000000000000000000000000000000000000000000000000000000000D0
[2022-03-08 09:02:53.289]>>> C0014AD0
>>> CONNECTION TEST
[2022-03-08 09:02:53.371][TDATA] at=TDATA&id=LTM2020KRL001/1.0.2&net=Y/Y/192.168.0.171/192.168.0.1/168.126.63.1/0.0.0.0
[2022-03-08 09:02:53.387][TDATA] =====================================================================
[2022-03-08 09:02:54.580]>> CODE: 200, DATA: OK
<<< CONNECTION TEST 'D', 1/2
[2022-03-08 09:02:54.594]<<< C0364A44020161743D54444154412669643D4C544D323032304B524C3030312F312E302E32266E65743D592F592F3139322E3136382E302ED0
<<< CONNECTION TEST 'D', 2/2
[2022-03-08 09:02:54.613]<<< C0364A4402023137312F3139322E3136382E302E312F3136382E3132362E36332E312F302E302E302E300D0A000000000000000000000000D0
<<< CONNECTION TEST 'U', 1/1
Succeed to 'CONNECTION TEST'
[2022-03-08 09:02:54.644]<<< C0364A5501015375636365656420746F2027434F4E4E454354494F4E20544553542700000000000000000000000000000000000000000000D0
[2022-03-08 09:02:58.359]>>> C0014CD0
>>> SERVER CON-CHECK
[2022-03-08 09:02:58.440][TDATA] at=TDATA&id=LTM2020KRL001/1.0.2&net=Y/Y/192.168.0.171/192.168.0.1/168.126.63.1/0.0.0.0
[2022-03-08 09:02:58.456][TDATA] =====================================================================

<<
POST /ltm/transfer/data HTTP/1.1
Host: dev.shotline.kr:443
Connection: keep-alive
Content-type: application/x-www-form-urlencoded
Content-length: 139       

&q=47AdYn1UAmtvWq5v0Q2NoNJphFtXQYYk61SOZoe%2BaRHUllbwF%2FL30ONh3Bju0TbvQmXTIy59NKKfBJdEYLGDY%2B40ORsnSNzCYK5SQZ2Y09F5PJ8%2FBSqoSxVQQKekeUpx


>>
HTTP/1.1 200 OK
Server: nginx
Date: Tue, 08 Mar 2022 07:02:57 GMT
Content-Type: text/plain;charset=UTF-8
Content-Length: 19
Connection: keep-alive
Expires: 0
Cache-Control: no-cache, no-store, max-age=0, must-revalidate
X-XSS-Protection: 1; mode=block
Pragma: no-cache
X-Frame-Options: DENY
Vary: Origin
Vary: Access-Control-Request-Method
Vary: Access-Control-Request-Headers
X-Content-Type-Options: nosniff

[STX]
2
OK
[ETX]

[2022-03-08 09:02:59.568]>> CODE: 200, DATA: OK
<<< SERVER CON-CHECK 'D', 1/17
[2022-03-08 09:02:59.579]<<< C0364C44110161743D54444154412669643D4C544D323032304B524C3030312F312E302E32266E65743D592F592F3139322E3136382E302ED0
<<< SERVER CON-CHECK 'D', 2/17
[2022-03-08 09:02:59.599]<<< C0364C4411023137312F3139322E3136382E302E312F3136382E3132362E36332E312F302E302E302E300D0A504F5354202F6C746D2F7472D0
<<< SERVER CON-CHECK 'D', 3/17
[2022-03-08 09:02:59.620]<<< C0364C441103616E736665722F6461746120485454502F312E310D0A486F73743A206465762E73686F746C696E652E6B723A3434330D0A43D0
<<< SERVER CON-CHECK 'D', 4/17
[2022-03-08 09:02:59.641]<<< C0364C4411046F6E6E656374696F6E3A206B6565702D616C6976650D0A436F6E74656E742D747970653A206170706C69636174696F6E2F78D0
<<< SERVER CON-CHECK 'D', 5/17
[2022-03-08 09:02:59.661]<<< C0364C4411052D7777772D666F726D2D75726C656E636F6465640D0A436F6E74656E742D6C656E6774683A20313339202020202020200D0AD0
<<< SERVER CON-CHECK 'D', 6/17
[2022-03-08 09:02:59.682]<<< C0364C4411060D0A26713D34374164596E3155416D7476577135763051324E6F4E4A70684674585159596B3631534F5A6F65253242615248D0
<<< SERVER CON-CHECK 'D', 7/17
[2022-03-08 09:02:59.702]<<< C0364C441107556C6C6277462532464C33304F4E6833426A7530546276516D5854497935394E4B4B66424A6445594C47445925324234304FD0
<<< SERVER CON-CHECK 'D', 8/17
[2022-03-08 09:02:59.723]<<< C0364C44110852736E534E7A43594B3553515A325930394635504A382532464253716F53785651514B656B655570780D0A485454502F312ED0
<<< SERVER CON-CHECK 'D', 9/17
[2022-03-08 09:02:59.743]<<< C0364C4411093120323030204F4B0D0A5365727665723A206E67696E780D0A446174653A205475652C203038204D61722032303232203037D0
<<< SERVER CON-CHECK 'D', 10/17
[2022-03-08 09:02:59.764]<<< C0364C44110A3A30323A353720474D540D0A436F6E74656E742D547970653A20746578742F706C61696E3B636861727365743D5554462D38D0
<<< SERVER CON-CHECK 'D', 11/17
[2022-03-08 09:02:59.784]<<< C0364C44110B0D0A436F6E74656E742D4C656E6774683A2031390D0A436F6E6E656374696F6E3A206B6565702D616C6976650D0A45787069D0
<<< SERVER CON-CHECK 'D', 12/17
[2022-03-08 09:02:59.805]<<< C0364C44110C7265733A20300D0A43616368652D436F6E74726F6C3A206E6F2D63616368652C206E6F2D73746F72652C206D61782D616765D0
<<< SERVER CON-CHECK 'D', 13/17
[2022-03-08 09:02:59.826]<<< C0364C44110D3D302C206D7573742D726576616C69646174650D0A582D5853532D50726F74656374696F6E3A20313B206D6F64653D626C6FD0
<<< SERVER CON-CHECK 'D', 14/17
[2022-03-08 09:02:59.845]<<< C0364C44110E636B0D0A507261676D613A206E6F2D63616368650D0A582D4672616D652D4F7074696F6E733A2044454E590D0A566172793AD0
<<< SERVER CON-CHECK 'D', 15/17
[2022-03-08 09:02:59.865]<<< C0364C44110F204F726967696E0D0A566172793A204163636573732D436F6E74726F6C2D526571756573742D4D6574686F640D0A56617279D0
<<< SERVER CON-CHECK 'D', 16/17
[2022-03-08 09:02:59.885]<<< C0364C4411103A204163636573732D436F6E74726F6C2D526571756573742D486561646572730D0A582D436F6E74656E742D547970652D4FD0
<<< SERVER CON-CHECK 'D', 17/17
[2022-03-08 09:02:59.905]<<< C0364C4411117074696F6E733A206E6F736E6966660D0A0D0A5B5354585D0D0A320D0A4F4B0D0A5B4554585D000000000000000000000000D0
<<< SERVER CON-CHECK 'U', 1/1
Succeed to 'SERVER CON-CHECK'
[2022-03-08 09:02:59.935]<<< C0364C5501015375636365656420746F202753455256455220434F4E2D434845434B27000000000000000000000000000000000000000000D0
[2022-03-08 09:03:43.508]> C004305246D0
[2022-03-08 09:04:48.756]> C004305246D0
[2022-03-08 09:05:48.752]> C004305246D0
[2022-03-08 09:06:48.748]> C004305246D0
[2022-03-08 09:07:48.744]> C004305246D0
[2022-03-08 09:08:48.740]> C004305246D0
[2022-03-08 09:09:17.110][CDATA] None to 'Data transmission'
[2022-03-08 09:09:17.186][TDATA] at=TDATA&id=LTM2020KRL001/1.0.2&net=Y/Y/192.168.0.171/192.168.0.1/168.126.63.1/0.0.0.0
[2022-03-08 09:09:17.190][TDATA] =====================================================================
[2022-03-08 09:09:18.875]>> CODE: 200, DATA: OK
[2022-03-08 09:09:18.879][TDATA] Succeed to 'Data transmission'
[2022-03-08 09:09:53.988]> C004305246D0
[2022-03-08 09:10:53.984]> C004305246D0
[2022-03-08 09:11:53.980]> C004305246D0
[2022-03-08 09:12:53.976]> C004305246D0
[2022-03-08 09:13:53.972]> C004305246D0
[2022-03-08 09:14:59.220]> C004305246D0
[2022-03-08 09:15:59.216]> C004305246D0
[2022-03-08 09:16:59.212]> C004305246D0
[2022-03-08 09:17:59.209]> C004305246D0
[2022-03-08 09:18:59.205]> C004305246D0
[2022-03-08 09:19:17.105][CDATA] None to 'Data transmission'
[2022-03-08 09:19:17.182][TDATA] at=TDATA&id=LTM2020KRL001/1.0.2&net=Y/Y/192.168.0.171/192.168.0.1/168.126.63.1/0.0.0.0
[2022-03-08 09:19:17.186][TDATA] =====================================================================
[2022-03-08 09:19:19.659]>> CODE: 200, DATA: OK
[2022-03-08 09:19:19.663][TDATA] Succeed to 'Data transmission'
[2022-03-08 09:20:04.453]> C004305246D0
[2022-03-08 09:21:04.449]> C004305246D0
[2022-03-08 09:22:04.445]> C004305246D0
[2022-03-08 09:23:04.441]> C004305246D0
[2022-03-08 09:24:04.437]> C004305246D0
[2022-03-08 09:25:09.685]> C004305246D0
[2022-03-08 09:26:09.681]> C004305246D0
[2022-03-08 09:27:09.677]> C004305246D0
[2022-03-08 09:28:09.673]> C004305246D0
[2022-03-08 09:29:09.669]> C004305246D0
[2022-03-08 09:29:17.105][CDATA] None to 'Data transmission'
[2022-03-08 09:29:17.181][TDATA] at=TDATA&id=LTM2020KRL001/1.0.2&net=Y/Y/192.168.0.171/192.168.0.1/168.126.63.1/0.0.0.0
[2022-03-08 09:29:17.186][TDATA] =====================================================================
[2022-03-08 09:29:18.332]>> CODE: 200, DATA: OK
[2022-03-08 09:29:18.337][TDATA] Succeed to 'Data transmission'
[2022-03-08 09:30:14.917]> C004305246D0
[2022-03-08 09:31:14.913]> C004305246D0
[2022-03-08 09:32:14.909]> C004305246D0
[2022-03-08 09:32:39.263]> C02A5060703C03F71DF500004D07FA4C434D2111490100042C3F00003D5100000248621891C90000484E29D0
[2022-03-08 09:32:39.267]0000F51DF7033C70,0,02042, LCM2111I01004, 000000584, 2022-02-25 10:22:33, 2022-03-08 09:32:39, N, 11327, 00000, 061, 00000, H
[2022-03-08 09:32:39.271]< 0000F51DF7033C70, TRR:ACK
[2022-03-08 09:32:39.277]< C0102200703C03F71DF500006227069750D0
[2022-03-08 09:32:39.463]> C057506A703C03F71DF500005007FB00000E10FFFFFFFFFFFFFFFF4E00DA00E400DC00E000E06226FADA00E200004EFFFFFFFFFFFFFFFFFFFFFFFFFFFFFFFFFFFFFFFFFFFFFFFFFFFFFFFFFFFFFFFFFFFFFFFFFFFFFFFF7DD0
[2022-03-08 09:32:39.468]0000F51DF7033C70,1,02043, 00000, 03600,         *          ,         *          , N, 00218, 00228, 00220, 00224, 00224
[2022-03-08 09:32:39.471]0000F51DF7033C70,2,2022-03-08 08:42:34, 00226, 00000, N,   *  ,   *  ,   *  ,   *  ,   *  ,   *  ,   *  
[2022-03-08 09:32:39.476]0000F51DF7033C70,3,  *  ,   *  ,   *  ,   *  ,   *  ,   *  ,   *  ,   *  ,   *  ,   *  ,   *  ,   *  ,   *  
[2022-03-08 09:32:39.499]< 0000F51DF7033C70, TRR:ACK
[2022-03-08 09:32:39.503]< C0102200703C03F71DF500006227069750D0
[2022-03-08 09:33:14.905]> C004305246D0
[2022-03-08 09:34:14.902]> C004305246D0
[2022-03-08 09:35:14.898]> C004305246D0
[2022-03-08 09:36:14.894]> C004305246D0
[2022-03-08 09:37:14.890]> C004305246D0
[2022-03-08 09:38:44.758]> C004305246D0
[2022-03-08 09:39:17.107][CDATA] =====================================================================
[2022-03-08 09:39:17.120][CDATA] at=CDATA&id=LTM2020KRL001/LCM2111I01004&sc=584&time=20220225102233/20220308093239&ci=N/0/H&ctt=*/*/*/*/*/*/*/*/*/*/*/*/*/*/*/*/*/*/*/*&rmi=0/3600/19700101015959/19700101015959/N&temp=218/228/220/224/224/20220308084234/226&ei=0/N&sn=02043
[2022-03-08 09:39:18.593]>> CODE: 200, DATA: 1
[2022-03-08 09:39:18.598][CDATA] Succeed to 'Data (1 records) transmission'
[2022-03-08 09:39:19.777][TDATA] at=TDATA&id=LTM2020KRL001/1.0.2&net=Y/Y/192.168.0.171/192.168.0.1/168.126.63.1/0.0.0.0
[2022-03-08 09:39:19.816][TDATA] =====================================================================
[2022-03-08 09:39:20.797]>> CODE: 200, DATA: OK
[2022-03-08 09:39:20.802][TDATA] Succeed to 'Data transmission'
[2022-03-08 09:39:44.754]> C004305246D0
[2022-03-08 09:40:44.750]> C004305246D0
[2022-03-08 09:41:44.746]> C004305246D0
[2022-03-08 09:42:44.742]> C004305246D0
[2022-03-08 09:43:49.990]> C004305246D0
[2022-03-08 09:44:49.986]> C004305246D0
[2022-03-08 09:45:49.982]> C004305246D0
[2022-03-08 09:46:49.978]> C004305246D0
[2022-03-08 09:47:49.974]> C004305246D0
[2022-03-08 09:48:55.222]> C004305246D0
[2022-03-08 09:49:17.106][CDATA] None to 'Data transmission'
[2022-03-08 09:49:17.183][TDATA] at=TDATA&id=LTM2020KRL001/1.0.2&net=Y/Y/192.168.0.171/192.168.0.1/168.126.63.1/0.0.0.0
[2022-03-08 09:49:17.187][TDATA] =====================================================================
[2022-03-08 09:49:23.681]>> CODE: 200, DATA: OK
[2022-03-08 09:49:23.686][TDATA] Succeed to 'Data transmission'
[2022-03-08 09:49:55.218]> C004305246D0
[2022-03-08 09:50:55.214]> C004305246D0
[2022-03-08 09:51:55.210]> C004305246D0
[2022-03-08 09:52:55.207]> C004305246D0
[2022-03-08 09:53:01.217]> C02A5060703C03A48BDB00003E00034C434D20204D100002000300002D510000000462270B530053484D63D0
[2022-03-08 09:53:01.221]0000DB8BA4033C70,0,00003, LCM2020M10002, 000000004, 2022-03-08 09:52:51, 2022-03-08 09:53:01, M, 00003, 00000, 045, 00083, H
[2022-03-08 09:53:01.224]< 0000DB8BA4033C70, TRR:ACK
[2022-03-08 09:53:01.230]< C0102200703C03A48BDB000062270B5D1CD0
[2022-03-08 09:53:01.372]> C057506A703C03A48BDB000039000400000000FFFFFFFFFFFFFFFF59FFFFFFFFFFFFFFFFFFFF62270B5A00FF00004E000200010053000200540001FFFFFFFFFFFFFFFFFFFFFFFFFFFFFFFFFFFFFFFFFFFFFFFFFFFFFFFF5AD0
[2022-03-08 09:53:01.376]0000DB8BA4033C70,1,00004, 00000, 00000,         *          ,         *          , Y,   *  ,   *  ,   *  ,   *  ,   *  
[2022-03-08 09:53:01.379]0000DB8BA4033C70,2,2022-03-08 09:52:58, 00255, 00000, N, 00002, 00001, 00083, 00002, 00084, 00001,   *  
[2022-03-08 09:53:01.384]0000DB8BA4033C70,3,  *  ,   *  ,   *  ,   *  ,   *  ,   *  ,   *  ,   *  ,   *  ,   *  ,   *  ,   *  ,   *  
[2022-03-08 09:53:01.405]< 0000DB8BA4033C70, TRR:ACK
[2022-03-08 09:53:01.409]< C0102200703C03A48BDB000062270B5D1CD0
[2022-03-08 09:53:52.328]> C02A5060703C03A48BDB00003D00054C434D20204D100002000400003D510000000B62270B8E0053484E38D0
[2022-03-08 09:53:52.332]0000DB8BA4033C70,0,00005, LCM2020M10002, 000000011, 2022-03-08 09:53:50, 2022-03-08 09:53:52, N, 00004, 00000, 061, 00083, H
[2022-03-08 09:53:52.337]< 0000DB8BA4033C70, TRR:ACK
[2022-03-08 09:53:52.341]< C0102200703C03A48BDB000062270B904FD0
[2022-03-08 09:53:52.475]> C057506A703C03A48BDB000033000600000000FFFFFFFFFFFFFFFF59FFFFFFFFFFFFFFFFFFFF62270B8F00FD00004E0053000500540002FFFFFFFFFFFFFFFFFFFFFFFFFFFFFFFFFFFFFFFFFFFFFFFFFFFFFFFFFFFFFFFF06D0
[2022-03-08 09:53:52.480]0000DB8BA4033C70,1,00006, 00000, 00000,         *          ,         *          , Y,   *  ,   *  ,   *  ,   *  ,   *  
[2022-03-08 09:53:52.483]0000DB8BA4033C70,2,2022-03-08 09:53:51, 00253, 00000, N, 00083, 00005, 00084, 00002,   *  ,   *  ,   *  
[2022-03-08 09:53:52.489]0000DB8BA4033C70,3,  *  ,   *  ,   *  ,   *  ,   *  ,   *  ,   *  ,   *  ,   *  ,   *  ,   *  ,   *  ,   *  
[2022-03-08 09:53:52.507]< 0000DB8BA4033C70, TRR:ACK
[2022-03-08 09:53:52.511]< C0102200703C03A48BDB000062270B904FD0
[2022-03-08 09:54:00.454]> C004305246D0
[2022-03-08 09:55:00.451]> C004305246D0
[2022-03-08 09:56:00.447]> C004305246D0
[2022-03-08 09:57:00.443]> C004305246D0
[2022-03-08 09:57:59.231]>>> C00141D0
>>> STATUS
<<< STATUS, RES: 0x00, MAC: F4:E1:1E:4E:FA:AE, VER: 1.0.2
[2022-03-08 09:57:59.245]<<< C00B4100F4E11E4EFAAE010002D0
[2022-03-08 09:58:00.439]> C004305246D0
[2022-03-08 09:58:02.418]>>> C00145D0
>>> URL
<<< URL, RES: 0x00, url: https://dev.shotline.kr/ltm/transfer/data
[2022-03-08 09:58:02.431]<<< C0364500010168747470733A2F2F6465762E73686F746C696E652E6B722F6C746D2F7472616E736665722F64617461000000000000000000D0
[2022-03-08 09:58:14.478]>>> C0014CD0
>>> SERVER CON-CHECK
[2022-03-08 09:58:14.552][TDATA] at=TDATA&id=LTM2020KRL001/1.0.2&net=Y/Y/192.168.0.171/192.168.0.1/168.126.63.1/0.0.0.0
[2022-03-08 09:58:14.580][TDATA] =====================================================================

<<
POST /ltm/transfer/data HTTP/1.1
Host: dev.shotline.kr:443
Connection: keep-alive
Content-type: application/x-www-form-urlencoded
Content-length: 139       

&q=47AdYn1UAmtvWq5v0Q2NoNJphFtXQYYk61SOZoe%2BaRHUllbwF%2FL30ONh3Bju0TbvQmXTIy59NKKfBJdEYLGDY%2B40ORsnSNzCYK5SQZ2Y09F5PJ8%2FBSqoSxVQQKekeUpx


>>
HTTP/1.1 200 OK
Server: nginx
Date: Tue, 08 Mar 2022 07:58:15 GMT
Content-Type: text/plain;charset=UTF-8
Content-Length: 19
Connection: keep-alive
Expires: 0
Cache-Control: no-cache, no-store, max-age=0, must-revalidate
X-XSS-Protection: 1; mode=block
Pragma: no-cache
X-Frame-Options: DENY
Vary: Origin
Vary: Access-Control-Request-Method
Vary: Access-Control-Request-Headers
X-Content-Type-Options: nosniff

[STX]
2
OK
[ETX]

[2022-03-08 09:58:17.336]>> CODE: 200, DATA: OK
<<< SERVER CON-CHECK 'D', 1/17
[2022-03-08 09:58:17.348]<<< C0364C44110161743D54444154412669643D4C544D323032304B524C3030312F312E302E32266E65743D592F592F3139322E3136382E302ED0
<<< SERVER CON-CHECK 'D', 2/17
[2022-03-08 09:58:17.367]<<< C0364C4411023137312F3139322E3136382E302E312F3136382E3132362E36332E312F302E302E302E300D0A504F5354202F6C746D2F7472D0
<<< SERVER CON-CHECK 'D', 3/17
[2022-03-08 09:58:17.388]<<< C0364C441103616E736665722F6461746120485454502F312E310D0A486F73743A206465762E73686F746C696E652E6B723A3434330D0A43D0
<<< SERVER CON-CHECK 'D', 4/17
[2022-03-08 09:58:17.409]<<< C0364C4411046F6E6E656374696F6E3A206B6565702D616C6976650D0A436F6E74656E742D747970653A206170706C69636174696F6E2F78D0
<<< SERVER CON-CHECK 'D', 5/17
[2022-03-08 09:58:17.429]<<< C0364C4411052D7777772D666F726D2D75726C656E636F6465640D0A436F6E74656E742D6C656E6774683A20313339202020202020200D0AD0
<<< SERVER CON-CHECK 'D', 6/17
[2022-03-08 09:58:17.451]<<< C0364C4411060D0A26713D34374164596E3155416D7476577135763051324E6F4E4A70684674585159596B3631534F5A6F65253242615248D0
<<< SERVER CON-CHECK 'D', 7/17
[2022-03-08 09:58:17.472]<<< C0364C441107556C6C6277462532464C33304F4E6833426A7530546276516D5854497935394E4B4B66424A6445594C47445925324234304FD0
<<< SERVER CON-CHECK 'D', 8/17
[2022-03-08 09:58:17.492]<<< C0364C44110852736E534E7A43594B3553515A325930394635504A382532464253716F53785651514B656B655570780D0A485454502F312ED0
<<< SERVER CON-CHECK 'D', 9/17
[2022-03-08 09:58:17.513]<<< C0364C4411093120323030204F4B0D0A5365727665723A206E67696E780D0A446174653A205475652C203038204D61722032303232203037D0
<<< SERVER CON-CHECK 'D', 10/17
[2022-03-08 09:58:17.533]<<< C0364C44110A3A35383A313520474D540D0A436F6E74656E742D547970653A20746578742F706C61696E3B636861727365743D5554462D38D0
<<< SERVER CON-CHECK 'D', 11/17
[2022-03-08 09:58:17.554]<<< C0364C44110B0D0A436F6E74656E742D4C656E6774683A2031390D0A436F6E6E656374696F6E3A206B6565702D616C6976650D0A45787069D0
<<< SERVER CON-CHECK 'D', 12/17
[2022-03-08 09:58:17.574]<<< C0364C44110C7265733A20300D0A43616368652D436F6E74726F6C3A206E6F2D63616368652C206E6F2D73746F72652C206D61782D616765D0
<<< SERVER CON-CHECK 'D', 13/17
[2022-03-08 09:58:17.595]<<< C0364C44110D3D302C206D7573742D726576616C69646174650D0A582D5853532D50726F74656374696F6E3A20313B206D6F64653D626C6FD0
<<< SERVER CON-CHECK 'D', 14/17
[2022-03-08 09:58:17.615]<<< C0364C44110E636B0D0A507261676D613A206E6F2D63616368650D0A582D4672616D652D4F7074696F6E733A2044454E590D0A566172793AD0
<<< SERVER CON-CHECK 'D', 15/17
[2022-03-08 09:58:17.635]<<< C0364C44110F204F726967696E0D0A566172793A204163636573732D436F6E74726F6C2D526571756573742D4D6574686F640D0A56617279D0
<<< SERVER CON-CHECK 'D', 16/17
[2022-03-08 09:58:17.655]<<< C0364C4411103A204163636573732D436F6E74726F6C2D526571756573742D486561646572730D0A582D436F6E74656E742D547970652D4FD0
<<< SERVER CON-CHECK 'D', 17/17
[2022-03-08 09:58:17.675]<<< C0364C4411117074696F6E733A206E6F736E6966660D0A0D0A5B5354585D0D0A320D0A4F4B0D0A5B4554585D000000000000000000000000D0
<<< SERVER CON-CHECK 'U', 1/1
Succeed to 'SERVER CON-CHECK'
[2022-03-08 09:58:17.705]<<< C0364C5501015375636365656420746F202753455256455220434F4E2D434845434B27000000000000000000000000000000000000000000D0
[2022-03-08 09:59:12.374]> C02A5060703C033D26C900003000014C434D2020490100010002000027510000000B62270CCD005D484E67D0
[2022-03-08 09:59:12.379]0000C9263D033C70,0,00001, LCM2020I01001, 000000011, 2022-03-08 09:59:09, 2022-03-08 09:59:12, N, 00002, 00000, 039, 00093, H
[2022-03-08 09:59:12.383]< 0000C9263D033C70, TRR:ACK
[2022-03-08 09:59:12.388]< C0102200703C033D26C9000062270CD032D0
[2022-03-08 09:59:12.522]> C057506A703C033D26C90000350002000000056225B15F622708885900FA00FBFFFFFFFFFFFF62270CCE00FB00074E00490001004C0001005A0001005C0003005D0005FFFFFFFFFFFFFFFFFFFFFFFFFFFFFFFFFFFFFFFF32D0
[2022-03-08 09:59:12.526]0000C9263D033C70,1,00002, 00000, 00005, 2022-03-07 09:16:47, 2022-03-08 09:40:56, Y, 00250, 00251,   *  ,   *  ,   *  
[2022-03-08 09:59:12.530]0000C9263D033C70,2,2022-03-08 09:59:10, 00251, 00007, N, 00073, 00001, 00076, 00001, 00090, 00001, 00092
[2022-03-08 09:59:12.536]0000C9263D033C70,3,00003, 00093, 00005,   *  ,   *  ,   *  ,   *  ,   *  ,   *  ,   *  ,   *  ,   *  ,   *  
[2022-03-08 09:59:12.555]< 0000C9263D033C70, TRR:ACK
[2022-03-08 09:59:12.559]< C0102200703C033D26C9000062270CD032D0
[2022-03-08 09:59:17.107][CDATA] =====================================================================
[2022-03-08 09:59:17.120][CDATA] at=CDATA&id=LTM2020KRL001/LCM2020M10002&sc=4&time=20220308095251/20220308095301&ci=M/83/H&ctt=2/1/83/2/84/1/*/*/*/*/*/*/*/*/*/*/*/*/*/*&rmi=0/0/19700101015959/19700101015959/Y&temp=*/*/*/*/*/20220308095258/255&ei=0/N&sn=00004
[2022-03-08 09:59:17.127][CDATA] at=CDATA&id=LTM2020KRL001/LCM2020M10002&sc=11&time=20220308095350/20220308095352&ci=N/83/H&ctt=83/5/84/2/*/*/*/*/*/*/*/*/*/*/*/*/*/*/*/*&rmi=0/0/19700101015959/19700101015959/Y&temp=*/*/*/*/*/20220308095351/253&ei=0/N&sn=00006
[2022-03-08 09:59:17.131][CDATA] at=CDATA&id=LTM2020KRL001/LCM2020I01001&sc=11&time=20220308095909/20220308095912&ci=N/93/H&ctt=73/1/76/1/90/1/92/3/93/5/*/*/*/*/*/*/*/*/*/*&rmi=0/5/20220307091647/20220308094056/Y&temp=250/251/*/*/*/20220308095910/251&ei=7/N&sn=00002
[2022-03-08 09:59:18.046]>> CODE: 200, DATA: 3
[2022-03-08 09:59:18.051][CDATA] Succeed to 'Data (3 records) transmission'
[2022-03-08 09:59:19.231][TDATA] at=TDATA&id=LTM2020KRL001/1.0.2&net=Y/Y/192.168.0.171/192.168.0.1/168.126.63.1/0.0.0.0
[2022-03-08 09:59:19.245][TDATA] =====================================================================
[2022-03-08 09:59:20.209]>> CODE: 200, DATA: OK
[2022-03-08 09:59:20.214][TDATA] Succeed to 'Data transmission'
[2022-03-08 09:59:27.632]> C02A5060703C03FAF9E000003100014C434D2020490100020002000026510000000B62270CDB0069484E29D0
[2022-03-08 09:59:27.636]0000E0F9FA033C70,0,00001, LCM2020I01002, 000000011, 2022-03-08 09:59:23, 2022-03-08 09:59:27, N, 00002, 00000, 038, 00105, H
[2022-03-08 09:59:27.640]< 0000E0F9FA033C70, TRR:ACK
[2022-03-08 09:59:27.646]< C0102200703C03FAF9E0000062270CDF68D0
[2022-03-08 09:59:27.779]> C057506A703C03FAF9E000002D0002000000056225B1806227088C5900F900F5FFFFFFFFFFFF62270CDC00F500034E00020001005500010068000400690005FFFFFFFFFFFFFFFFFFFFFFFFFFFFFFFFFFFFFFFFFFFFFFFF6FD0
[2022-03-08 09:59:27.784]0000E0F9FA033C70,1,00002, 00000, 00005, 2022-03-07 09:17:20, 2022-03-08 09:41:00, Y, 00249, 00245,   *  ,   *  ,   *  
[2022-03-08 09:59:27.788]0000E0F9FA033C70,2,2022-03-08 09:59:24, 00245, 00003, N, 00002, 00001, 00085, 00001, 00104, 00004, 00105
